Archive member included to satisfy reference by file (symbol)

/Users/ivo/Desktop/Programming/GBA/devkitPro/libgba/lib/libgba.a(input.o)
                              main.o (scanKeys)
/Users/ivo/Desktop/Programming/GBA/devkitPro/libgba/lib/libgba.a(interrupt.o)
                              main.o (irqInit)
/Users/ivo/Desktop/Programming/GBA/devkitPro/libgba/lib/libgba.a(InterruptDispatcher.o)
                              /Users/ivo/Desktop/Programming/GBA/devkitPro/libgba/lib/libgba.a(interrupt.o) (IntrMain)
/Users/ivo/Desktop/Programming/GBA/devkitPro/devkitARM/bin/../lib/gcc/arm-none-eabi/4.9.2/thumb/libgcc.a(_divsi3.o)
                              chip8.o (__aeabi_idiv)
/Users/ivo/Desktop/Programming/GBA/devkitPro/devkitARM/bin/../lib/gcc/arm-none-eabi/4.9.2/thumb/libgcc.a(_dvmd_tls.o)
                              /Users/ivo/Desktop/Programming/GBA/devkitPro/devkitARM/bin/../lib/gcc/arm-none-eabi/4.9.2/thumb/libgcc.a(_divsi3.o) (__aeabi_idiv0)
/Users/ivo/Desktop/Programming/GBA/devkitPro/devkitARM/bin/../lib/gcc/arm-none-eabi/4.9.2/../../../../arm-none-eabi/lib/thumb/libg.a(lib_a-fclose.o)
                              chip8.o (fclose)
/Users/ivo/Desktop/Programming/GBA/devkitPro/devkitARM/bin/../lib/gcc/arm-none-eabi/4.9.2/../../../../arm-none-eabi/lib/thumb/libg.a(lib_a-fflush.o)
                              /Users/ivo/Desktop/Programming/GBA/devkitPro/devkitARM/bin/../lib/gcc/arm-none-eabi/4.9.2/../../../../arm-none-eabi/lib/thumb/libg.a(lib_a-fclose.o) (__sflush_r)
/Users/ivo/Desktop/Programming/GBA/devkitPro/devkitARM/bin/../lib/gcc/arm-none-eabi/4.9.2/../../../../arm-none-eabi/lib/thumb/libg.a(lib_a-findfp.o)
                              /Users/ivo/Desktop/Programming/GBA/devkitPro/devkitARM/bin/../lib/gcc/arm-none-eabi/4.9.2/../../../../arm-none-eabi/lib/thumb/libg.a(lib_a-fclose.o) (__sinit)
/Users/ivo/Desktop/Programming/GBA/devkitPro/devkitARM/bin/../lib/gcc/arm-none-eabi/4.9.2/../../../../arm-none-eabi/lib/thumb/libg.a(lib_a-fopen.o)
                              chip8.o (fopen)
/Users/ivo/Desktop/Programming/GBA/devkitPro/devkitARM/bin/../lib/gcc/arm-none-eabi/4.9.2/../../../../arm-none-eabi/lib/thumb/libg.a(lib_a-fprintf.o)
                              chip8.o (fprintf)
/Users/ivo/Desktop/Programming/GBA/devkitPro/devkitARM/bin/../lib/gcc/arm-none-eabi/4.9.2/../../../../arm-none-eabi/lib/thumb/libg.a(lib_a-fread.o)
                              chip8.o (fread)
/Users/ivo/Desktop/Programming/GBA/devkitPro/devkitARM/bin/../lib/gcc/arm-none-eabi/4.9.2/../../../../arm-none-eabi/lib/thumb/libg.a(lib_a-freer.o)
                              /Users/ivo/Desktop/Programming/GBA/devkitPro/devkitARM/bin/../lib/gcc/arm-none-eabi/4.9.2/../../../../arm-none-eabi/lib/thumb/libg.a(lib_a-fclose.o) (_free_r)
/Users/ivo/Desktop/Programming/GBA/devkitPro/devkitARM/bin/../lib/gcc/arm-none-eabi/4.9.2/../../../../arm-none-eabi/lib/thumb/libg.a(lib_a-fseek.o)
                              /Users/ivo/Desktop/Programming/GBA/devkitPro/devkitARM/bin/../lib/gcc/arm-none-eabi/4.9.2/../../../../arm-none-eabi/lib/thumb/libg.a(lib_a-fopen.o) (_fseek_r)
/Users/ivo/Desktop/Programming/GBA/devkitPro/devkitARM/bin/../lib/gcc/arm-none-eabi/4.9.2/../../../../arm-none-eabi/lib/thumb/libg.a(lib_a-fseeko.o)
                              /Users/ivo/Desktop/Programming/GBA/devkitPro/devkitARM/bin/../lib/gcc/arm-none-eabi/4.9.2/../../../../arm-none-eabi/lib/thumb/libg.a(lib_a-fseek.o) (_fseeko_r)
/Users/ivo/Desktop/Programming/GBA/devkitPro/devkitARM/bin/../lib/gcc/arm-none-eabi/4.9.2/../../../../arm-none-eabi/lib/thumb/libg.a(lib_a-fwalk.o)
                              /Users/ivo/Desktop/Programming/GBA/devkitPro/devkitARM/bin/../lib/gcc/arm-none-eabi/4.9.2/../../../../arm-none-eabi/lib/thumb/libg.a(lib_a-findfp.o) (_fwalk)
/Users/ivo/Desktop/Programming/GBA/devkitPro/devkitARM/bin/../lib/gcc/arm-none-eabi/4.9.2/../../../../arm-none-eabi/lib/thumb/libg.a(lib_a-fwrite.o)
                              chip8.o (fwrite)
/Users/ivo/Desktop/Programming/GBA/devkitPro/devkitARM/bin/../lib/gcc/arm-none-eabi/4.9.2/../../../../arm-none-eabi/lib/thumb/libg.a(lib_a-impure.o)
                              /Users/ivo/Desktop/Programming/GBA/devkitPro/devkitARM/bin/../lib/gcc/arm-none-eabi/4.9.2/../../../../arm-none-eabi/lib/thumb/libg.a(lib_a-fflush.o) (_global_impure_ptr)
/Users/ivo/Desktop/Programming/GBA/devkitPro/devkitARM/bin/../lib/gcc/arm-none-eabi/4.9.2/../../../../arm-none-eabi/lib/thumb/libg.a(lib_a-init.o)
                              /Users/ivo/Desktop/Programming/GBA/devkitPro/devkitARM/bin/../lib/gcc/arm-none-eabi/4.9.2/../../../../arm-none-eabi/lib/thumb/gba_crt0.o (__libc_init_array)
/Users/ivo/Desktop/Programming/GBA/devkitPro/devkitARM/bin/../lib/gcc/arm-none-eabi/4.9.2/../../../../arm-none-eabi/lib/thumb/libg.a(lib_a-makebuf.o)
                              /Users/ivo/Desktop/Programming/GBA/devkitPro/devkitARM/bin/../lib/gcc/arm-none-eabi/4.9.2/../../../../arm-none-eabi/lib/thumb/libg.a(lib_a-fseeko.o) (__smakebuf_r)
[...]
Memory Configuration

Name             Origin             Length             Attributes
rom              0x08000000         0x02000000
iwram            0x03000000         0x00008000
ewram            0x02000000         0x00040000
*default*        0x00000000         0xffffffff

Linker script and memory map

                0x08000000                __text_start = ORIGIN (rom)
                0x02040000                __eheap_end = (ORIGIN (ewram) + 0x40000)
                0x03000000                __iwram_start = ORIGIN (iwram)
                0x03008000                __iwram_top = (ORIGIN (iwram) + 0x8000)
                0x03007fa0                __sp_irq = (__iwram_top - 0x60)
                0x03007f00                __sp_usr = (__sp_irq - 0xa0)
                0x03007ff8                __irq_flags = 0x3007ff8
                0x08000000                . = __text_start

.init           0x08000000      0x21c
 *(.init)
 .init          0x08000000      0x210 /Users/ivo/Desktop/Programming/GBA/devkitPro/devkitARM/bin/../lib/gcc/arm-none-eabi/4.9.2/../../../../arm-none-eabi/lib/thumb/gba_crt0.o
                0x08000000                _start
                0x080000c4                __boot_method
                0x080000c5                __slave_number
                0x080000e0                start_vector
 .init          0x08000210        0x4 /Users/ivo/Desktop/Programming/GBA/devkitPro/devkitARM/bin/../lib/gcc/arm-none-eabi/4.9.2/thumb/crti.o
                0x08000210                _init
 .init          0x08000214        0x8 /Users/ivo/Desktop/Programming/GBA/devkitPro/devkitARM/bin/../lib/gcc/arm-none-eabi/4.9.2/thumb/crtn.o
                0x0800021c                . = ALIGN (0x4)

.plt            0x0800021c        0x0
 *(.plt)
                0x0800021c                . = ALIGN (0x4)

.text           0x08000220    0x108e8
 *(EXCLUDE_FILE(*.iwram*) .text)
 .text          0x08000220        0x0 /Users/ivo/Desktop/Programming/GBA/devkitPro/devkitARM/bin/../lib/gcc/arm-none-eabi/4.9.2/../../../../arm-none-eabi/lib/thumb/gba_crt0.o
 .text          0x08000220        0x0 /Users/ivo/Desktop/Programming/GBA/devkitPro/devkitARM/bin/../lib/gcc/arm-none-eabi/4.9.2/thumb/crti.o
 .text          0x08000220       0xd4 /Users/ivo/Desktop/Programming/GBA/devkitPro/devkitARM/bin/../lib/gcc/arm-none-eabi/4.9.2/thumb/crtbegin.o
 .text          0x080002f4      0x120 main.o
                0x080002f4                setPixel
 .text          0x08000414      0xbf0 chip8.o
                0x08000414                chip8_init
                0x080004d0                chip8_step
                0x08000fb0                chip8_loadROM
 .text          0x08001004        0x0 Invaders.o
 .text          0x08001004        0x0 RH.o
 .text          0x08001004        0x0 ROM.o
 .text          0x08001004       0xc0 /Users/ivo/Desktop/Programming/GBA/devkitPro/libgba/lib/libgba.a(input.o)
                0x08001004                setRepeat
                0x08001010                scanKeys
                0x08001088                keysDownRepeat
                0x08001098                keysDown
                0x080010a8                keysUp
                0x080010b8                keysHeld
 .text          0x080010c4      0x3b0 /Users/ivo/Desktop/Programming/GBA/devkitPro/libgba/lib/libgba.a(interrupt.o)
                0x080010c4                dummy
                0x080010c8                InitInterrupt
                0x08001124                irqInit
                0x08001180                SetInterrupt
                0x08001260                irqSet
                0x08001340                EnableInterrupt
                0x0800138c                irqEnable
                0x080013dc                DisableInterrupt
                0x08001428                irqDisable
 .text          0x08001474        0x0 /Users/ivo/Desktop/Programming/GBA/devkitPro/libgba/lib/libgba.a(InterruptDispatcher.o)
 .text          0x08001474      0x150 /Users/ivo/Desktop/Programming/GBA/devkitPro/devkitARM/bin/../lib/gcc/arm-none-eabi/4.9.2/thumb/libgcc.a(_divsi3.o)
                0x08001474                __aeabi_idiv
                0x08001474                __divsi3
                0x080015a4                __aeabi_idivmod
 .text          0x080015c4        0x4 /Users/ivo/Desktop/Programming/GBA/devkitPro/devkitARM/bin/../lib/gcc/arm-none-eabi/4.9.2/thumb/libgcc.a(_dvmd_tls.o)
                0x080015c4                __aeabi_ldiv0
                0x080015c4                __aeabi_idiv0
 .text          0x080015c8        0x0 /Users/ivo/Desktop/Programming/GBA/devkitPro/devkitARM/bin/../lib/gcc/arm-none-eabi/4.9.2/../../../../arm-none-eabi/lib/thumb/libg.a(lib_a-fclose.o)
 .text          0x080015c8        0x0 /Users/ivo/Desktop/Programming/GBA/devkitPro/devkitARM/bin/../lib/gcc/arm-none-eabi/4.9.2/../../../../arm-none-eabi/lib/thumb/libg.a(lib_a-fflush.o)
 .text          0x080015c8        0x0 /Users/ivo/Desktop/Programming/GBA/devkitPro/devkitARM/bin/../lib/gcc/arm-none-eabi/4.9.2/../../../../arm-none-eabi/lib/thumb/libg.a(lib_a-findfp.o)
 .text          0x080015c8        0x0 /Users/ivo/Desktop/Programming/GBA/devkitPro/devkitARM/bin/../lib/gcc/arm-none-eabi/4.9.2/../../../../arm-none-eabi/lib/thumb/libg.a(lib_a-fopen.o)
 .text          0x080015c8        0x0 /Users/ivo/Desktop/Programming/GBA/devkitPro/devkitARM/bin/../lib/gcc/arm-none-eabi/4.9.2/../../../../arm-none-eabi/lib/thumb/libg.a(lib_a-fprintf.o)
 .text          0x080015c8        0x0 /Users/ivo/Desktop/Programming/GBA/devkitPro/devkitARM/bin/../lib/gcc/arm-none-eabi/4.9.2/../../../../arm-none-eabi/lib/thumb/libg.a(lib_a-fread.o)
 .text          0x080015c8        0x0 /Users/ivo/Desktop/Programming/GBA/devkitPro/devkitARM/bin/../lib/gcc/arm-none-eabi/4.9.2/../../../../arm-none-eabi/lib/thumb/libg.a(lib_a-freer.o)
 .text          0x080015c8        0x0 /Users/ivo/Desktop/Programming/GBA/devkitPro/devkitARM/bin/../lib/gcc/arm-none-eabi/4.9.2/../../../../arm-none-eabi/lib/thumb/libg.a(lib_a-fseek.o)
 .text          0x080015c8        0x0 /Users/ivo/Desktop/Programming/GBA/devkitPro/devkitARM/bin/../lib/gcc/arm-none-eabi/4.9.2/../../../../arm-none-eabi/lib/thumb/libg.a(lib_a-fseeko.o)
 .text          0x080015c8        0x0 /Users/ivo/Desktop/Programming/GBA/devkitPro/devkitARM/bin/../lib/gcc/arm-none-eabi/4.9.2/../../../../arm-none-eabi/lib/thumb/libg.a(lib_a-fwalk.o)
 .text          0x080015c8        0x0 /Users/ivo/Desktop/Programming/GBA/devkitPro/devkitARM/bin/../lib/gcc/arm-none-eabi/4.9.2/../../../../arm-none-eabi/lib/thumb/libg.a(lib_a-fwrite.o)
 .text          0x080015c8        0x0 /Users/ivo/Desktop/Programming/GBA/devkitPro/devkitARM/bin/../lib/gcc/arm-none-eabi/4.9.2/../../../../arm-none-eabi/lib/thumb/libg.a(lib_a-impure.o)
 .text          0x080015c8        0x0 /Users/ivo/Desktop/Programming/GBA/devkitPro/devkitARM/bin/../lib/gcc/arm-none-eabi/4.9.2/../../../../arm-none-eabi/lib/thumb/libg.a(lib_a-init.o)
 .text          0x080015c8        0x0 /Users/ivo/Desktop/Programming/GBA/devkitPro/devkitARM/bin/../lib/gcc/arm-none-eabi/4.9.2/../../../../arm-none-eabi/lib/thumb/libg.a(lib_a-makebuf.o)
 .text          0x080015c8        0x0 /Users/ivo/Desktop/Programming/GBA/devkitPro/devkitARM/bin/../lib/gcc/arm-none-eabi/4.9.2/../../../../arm-none-eabi/lib/thumb/libg.a(lib_a-mallocr.o)
 .text          0x080015c8        0x0 /Users/ivo/Desktop/Programming/GBA/devkitPro/devkitARM/bin/../lib/gcc/arm-none-eabi/4.9.2/../../../../arm-none-eabi/lib/thumb/libg.a(lib_a-memcpy.o)
 .text          0x080015c8        0x0 /Users/ivo/Desktop/Programming/GBA/devkitPro/devkitARM/bin/../lib/gcc/arm-none-eabi/4.9.2/../../../../arm-none-eabi/lib/thumb/libg.a(lib_a-memmove.o)
 .text          0x080015c8        0x0 /Users/ivo/Desktop/Programming/GBA/devkitPro/devkitARM/bin/../lib/gcc/arm-none-eabi/4.9.2/../../../../arm-none-eabi/lib/thumb/libg.a(lib_a-memset.o)
 .text          0x080015c8        0x0 /Users/ivo/Desktop/Programming/GBA/devkitPro/devkitARM/bin/../lib/gcc/arm-none-eabi/4.9.2/../../../../arm-none-eabi/lib/thumb/libg.a(lib_a-mlock.o)
 .text          0x080015c8        0x0 /Users/ivo/Desktop/Programming/GBA/devkitPro/devkitARM/bin/../lib/gcc/arm-none-eabi/4.9.2/../../../../arm-none-eabi/lib/thumb/libg.a(lib_a-rand.o)
 .text          0x080015c8        0x0 /Users/ivo/Desktop/Programming/GBA/devkitPro/devkitARM/bin/../lib/gcc/arm-none-eabi/4.9.2/../../../../arm-none-eabi/lib/thumb/libg.a(lib_a-refill.o)
 .text          0x080015c8        0x0 /Users/ivo/Desktop/Programming/GBA/devkitPro/devkitARM/bin/../lib/gcc/arm-none-eabi/4.9.2/../../../../arm-none-eabi/lib/thumb/libg.a(lib_a-stdio.o)
 .text          0x080015c8        0x0 /Users/ivo/Desktop/Programming/GBA/devkitPro/devkitARM/bin/../lib/gcc/arm-none-eabi/4.9.2/../../../../arm-none-eabi/lib/thumb/libg.a(lib_a-time.o)
 .text          0x080015c8        0x0 /Users/ivo/Desktop/Programming/GBA/devkitPro/devkitARM/bin/../lib/gcc/arm-none-eabi/4.9.2/../../../../arm-none-eabi/lib/thumb/libg.a(lib_a-vfprintf.o)
 .text          0x080015c8        0x0 /Users/ivo/Desktop/Programming/GBA/devkitPro/devkitARM/bin/../lib/gcc/arm-none-eabi/4.9.2/../../../../arm-none-eabi/lib/thumb/libg.a(lib_a-wcrtomb.o)
 .text          0x080015c8        0x0 /Users/ivo/Desktop/Programming/GBA/devkitPro/devkitARM/bin/../lib/gcc/arm-none-eabi/4.9.2/../../../../arm-none-eabi/lib/thumb/libg.a(lib_a-wcsrtombs.o)
 .text          0x080015c8        0x0 /Users/ivo/Desktop/Programming/GBA/devkitPro/devkitARM/bin/../lib/gcc/arm-none-eabi/4.9.2/../../../../arm-none-eabi/lib/thumb/libg.a(lib_a-wctomb_r.o)
 .text          0x080015c8        0x0 /Users/ivo/Desktop/Programming/GBA/devkitPro/devkitARM/bin/../lib/gcc/arm-none-eabi/4.9.2/../../../../arm-none-eabi/lib/thumb/libg.a(lib_a-wsetup.o)
 .text          0x080015c8        0x0 /Users/ivo/Desktop/Programming/GBA/devkitPro/devkitARM/bin/../lib/gcc/arm-none-eabi/4.9.2/../../../../arm-none-eabi/lib/thumb/libg.a(lib_a-dtoa.o)
 .text          0x080015c8        0x0 /Users/ivo/Desktop/Programming/GBA/devkitPro/devkitARM/bin/../lib/gcc/arm-none-eabi/4.9.2/../../../../arm-none-eabi/lib/thumb/libg.a(lib_a-flags.o)
 .text          0x080015c8        0x0 /Users/ivo/Desktop/Programming/GBA/devkitPro/devkitARM/bin/../lib/gcc/arm-none-eabi/4.9.2/../../../../arm-none-eabi/lib/thumb/libg.a(lib_a-fvwrite.o)
 .text          0x080015c8        0x0 /Users/ivo/Desktop/Programming/GBA/devkitPro/devkitARM/bin/../lib/gcc/arm-none-eabi/4.9.2/../../../../arm-none-eabi/lib/thumb/libg.a(lib_a-locale.o)
 .text          0x080015c8        0x0 /Users/ivo/Desktop/Programming/GBA/devkitPro/devkitARM/bin/../lib/gcc/arm-none-eabi/4.9.2/../../../../arm-none-eabi/lib/thumb/libg.a(lib_a-mbtowc_r.o)
 .text          0x080015c8        0x0 /Users/ivo/Desktop/Programming/GBA/devkitPro/devkitARM/bin/../lib/gcc/arm-none-eabi/4.9.2/../../../../arm-none-eabi/lib/thumb/libg.a(lib_a-memchr.o)
 .text          0x080015c8        0x0 /Users/ivo/Desktop/Programming/GBA/devkitPro/devkitARM/bin/../lib/gcc/arm-none-eabi/4.9.2/../../../../arm-none-eabi/lib/thumb/libg.a(lib_a-mprec.o)
 .text          0x080015c8        0x0 /Users/ivo/Desktop/Programming/GBA/devkitPro/devkitARM/bin/../lib/gcc/arm-none-eabi/4.9.2/../../../../arm-none-eabi/lib/thumb/libg.a(lib_a-reallocr.o)
 .text          0x080015c8        0x0 /Users/ivo/Desktop/Programming/GBA/devkitPro/devkitARM/bin/../lib/gcc/arm-none-eabi/4.9.2/../../../../arm-none-eabi/lib/thumb/libg.a(lib_a-s_fpclassify.o)
 .text          0x080015c8        0x0 /Users/ivo/Desktop/Programming/GBA/devkitPro/devkitARM/bin/../lib/gcc/arm-none-eabi/4.9.2/../../../../arm-none-eabi/lib/thumb/libg.a(lib_a-s_frexp.o)
 .text          0x080015c8        0x0 /Users/ivo/Desktop/Programming/GBA/devkitPro/devkitARM/bin/../lib/gcc/arm-none-eabi/4.9.2/../../../../arm-none-eabi/lib/thumb/libg.a(lib_a-strcasecmp.o)
 .text          0x080015c8        0x0 /Users/ivo/Desktop/Programming/GBA/devkitPro/devkitARM/bin/../lib/gcc/arm-none-eabi/4.9.2/../../../../arm-none-eabi/lib/thumb/libg.a(lib_a-strcat.o)
 .text          0x080015c8        0x0 /Users/ivo/Desktop/Programming/GBA/devkitPro/devkitARM/bin/../lib/gcc/arm-none-eabi/4.9.2/../../../../arm-none-eabi/lib/thumb/libg.a(lib_a-strchr.o)
 .text          0x080015c8      0x224 /Users/ivo/Desktop/Programming/GBA/devkitPro/devkitARM/bin/../lib/gcc/arm-none-eabi/4.9.2/../../../../arm-none-eabi/lib/thumb/libg.a(lib_a-strcmp.o)
                0x080015c8                strcmp
 .text          0x080017ec        0x0 /Users/ivo/Desktop/Programming/GBA/devkitPro/devkitARM/bin/../lib/gcc/arm-none-eabi/4.9.2/../../../../arm-none-eabi/lib/thumb/libg.a(lib_a-strcpy.o)
 .text          0x080017ec        0x0 /Users/ivo/Desktop/Programming/GBA/devkitPro/devkitARM/bin/../lib/gcc/arm-none-eabi/4.9.2/../../../../arm-none-eabi/lib/thumb/libg.a(lib_a-strlcpy.o)
 .text          0x080017ec        0x0 /Users/ivo/Desktop/Programming/GBA/devkitPro/devkitARM/bin/../lib/gcc/arm-none-eabi/4.9.2/../../../../arm-none-eabi/lib/thumb/libg.a(lib_a-strlen.o)
 .text          0x080017ec        0x0 /Users/ivo/Desktop/Programming/GBA/devkitPro/devkitARM/bin/../lib/gcc/arm-none-eabi/4.9.2/../../../../arm-none-eabi/lib/thumb/libg.a(lib_a-strncasecmp.o)
 .text          0x080017ec        0x0 /Users/ivo/Desktop/Programming/GBA/devkitPro/devkitARM/bin/../lib/gcc/arm-none-eabi/4.9.2/../../../../arm-none-eabi/lib/thumb/libg.a(lib_a-strncmp.o)
 .text          0x080017ec        0x0 /Users/ivo/Desktop/Programming/GBA/devkitPro/devkitARM/bin/../lib/gcc/arm-none-eabi/4.9.2/../../../../arm-none-eabi/lib/thumb/libg.a(lib_a-strncpy.o)
 .text          0x080017ec        0x0 /Users/ivo/Desktop/Programming/GBA/devkitPro/devkitARM/bin/../lib/gcc/arm-none-eabi/4.9.2/../../../../arm-none-eabi/lib/thumb/libg.a(lib_a-strtol.o)
 .text          0x080017ec        0x0 /Users/ivo/Desktop/Programming/GBA/devkitPro/devkitARM/bin/../lib/gcc/arm-none-eabi/4.9.2/../../../../arm-none-eabi/lib/thumb/libg.a(lib_a-svfiprintf.o)
 .text          0x080017ec        0x0 /Users/ivo/Desktop/Programming/GBA/devkitPro/devkitARM/bin/../lib/gcc/arm-none-eabi/4.9.2/../../../../arm-none-eabi/lib/thumb/libg.a(lib_a-vfiprintf.o)
 .text          0x080017ec        0x0 /Users/ivo/Desktop/Programming/GBA/devkitPro/devkitARM/bin/../lib/gcc/arm-none-eabi/4.9.2/../../../../arm-none-eabi/lib/thumb/libg.a(lib_a-wcsnrtombs.o)
 .text          0x080017ec        0x0 /Users/ivo/Desktop/Programming/GBA/devkitPro/devkitARM/bin/../lib/gcc/arm-none-eabi/4.9.2/../../../../arm-none-eabi/lib/thumb/libg.a(lib_a-callocr.o)
 .text          0x080017ec        0x0 /Users/ivo/Desktop/Programming/GBA/devkitPro/devkitARM/bin/../lib/gcc/arm-none-eabi/4.9.2/../../../../arm-none-eabi/lib/thumb/libg.a(lib_a-ctype_.o)
 .text          0x080017ec        0x0 /Users/ivo/Desktop/Programming/GBA/devkitPro/devkitARM/bin/../lib/gcc/arm-none-eabi/4.9.2/../../../../arm-none-eabi/lib/thumb/libg.a(lib_a-fputwc.o)
 .text          0x080017ec        0x0 /Users/ivo/Desktop/Programming/GBA/devkitPro/devkitARM/bin/../lib/gcc/arm-none-eabi/4.9.2/../../../../arm-none-eabi/lib/thumb/libg.a(lib_a-getenv_r.o)
 .text          0x080017ec        0x0 /Users/ivo/Desktop/Programming/GBA/devkitPro/devkitARM/bin/../lib/gcc/arm-none-eabi/4.9.2/../../../../arm-none-eabi/lib/thumb/libg.a(lib_a-wbuf.o)
 .text          0x080017ec        0x0 /Users/ivo/Desktop/Programming/GBA/devkitPro/devkitARM/bin/../lib/gcc/arm-none-eabi/4.9.2/../../../../arm-none-eabi/lib/thumb/libg.a(lib_a-environ.o)
 .text          0x080017ec        0x0 /Users/ivo/Desktop/Programming/GBA/devkitPro/devkitARM/bin/../lib/gcc/arm-none-eabi/4.9.2/../../../../arm-none-eabi/lib/thumb/libg.a(lib_a-envlock.o)
 .text          0x080017ec       0x54 /Users/ivo/Desktop/Programming/GBA/devkitPro/devkitARM/bin/../lib/gcc/arm-none-eabi/4.9.2/../../../../arm-none-eabi/lib/thumb/libsysbase.a(close.o)
                0x080017ec                _close_r
 .text          0x08001840       0x44 /Users/ivo/Desktop/Programming/GBA/devkitPro/devkitARM/bin/../lib/gcc/arm-none-eabi/4.9.2/../../../../arm-none-eabi/lib/thumb/libsysbase.a(fstat.o)
                0x08001840                _fstat_r
 .text          0x08001884       0x28 /Users/ivo/Desktop/Programming/GBA/devkitPro/devkitARM/bin/../lib/gcc/arm-none-eabi/4.9.2/../../../../arm-none-eabi/lib/thumb/libsysbase.a(gettod.o)
                0x08001884                _gettimeofday_r
 .text          0x080018ac        0x4 /Users/ivo/Desktop/Programming/GBA/devkitPro/devkitARM/bin/../lib/gcc/arm-none-eabi/4.9.2/../../../../arm-none-eabi/lib/thumb/libsysbase.a(isatty.o)
                0x080018ac                _isatty_r
 .text          0x080018b0       0x48 /Users/ivo/Desktop/Programming/GBA/devkitPro/devkitARM/bin/../lib/gcc/arm-none-eabi/4.9.2/../../../../arm-none-eabi/lib/thumb/libsysbase.a(lseek.o)
                0x080018b0                _lseek_r
 .text          0x080018f8       0xa0 /Users/ivo/Desktop/Programming/GBA/devkitPro/devkitARM/bin/../lib/gcc/arm-none-eabi/4.9.2/../../../../arm-none-eabi/lib/thumb/libsysbase.a(open.o)
                0x080018f8                _open_r
 .text          0x08001998       0x48 /Users/ivo/Desktop/Programming/GBA/devkitPro/devkitARM/bin/../lib/gcc/arm-none-eabi/4.9.2/../../../../arm-none-eabi/lib/thumb/libsysbase.a(read.o)
                0x08001998                _read_r
 .text          0x080019e0       0x54 /Users/ivo/Desktop/Programming/GBA/devkitPro/devkitARM/bin/../lib/gcc/arm-none-eabi/4.9.2/../../../../arm-none-eabi/lib/thumb/libsysbase.a(sbrk.o)
                0x080019e0                _sbrk_r
 .text          0x08001a34       0x48 /Users/ivo/Desktop/Programming/GBA/devkitPro/devkitARM/bin/../lib/gcc/arm-none-eabi/4.9.2/../../../../arm-none-eabi/lib/thumb/libsysbase.a(write.o)
                0x08001a34                _write_r
 .text          0x08001a7c        0x0 /Users/ivo/Desktop/Programming/GBA/devkitPro/devkitARM/bin/../lib/gcc/arm-none-eabi/4.9.2/../../../../arm-none-eabi/lib/thumb/libsysbase.a(malloc_vars.o)
 .text          0x08001a7c        0x8 /Users/ivo/Desktop/Programming/GBA/devkitPro/devkitARM/bin/../lib/gcc/arm-none-eabi/4.9.2/../../../../arm-none-eabi/lib/thumb/libsysbase.a(flock.o)
                0x08001a7c                __flockfile
                0x08001a80                __funlockfile
 .text          0x08001a84      0x104 /Users/ivo/Desktop/Programming/GBA/devkitPro/devkitARM/bin/../lib/gcc/arm-none-eabi/4.9.2/../../../../arm-none-eabi/lib/thumb/libsysbase.a(syscall_support.o)
                0x08001a84                __libc_lock_init
                0x08001a9c                __libc_lock_acquire
                0x08001ab4                __libc_lock_try_acquire
                0x08001ad4                __libc_lock_release
                0x08001aec                __libc_lock_close
                0x08001b04                __libc_lock_init_recursive
                0x08001b1c                __libc_lock_acquire_recursive
                0x08001b34                __libc_lock_try_acquire_recursive
                0x08001b54                __libc_lock_release_recursive
                0x08001b6c                __libc_lock_close_recursive
 .text          0x08001b88      0x1a4 /Users/ivo/Desktop/Programming/GBA/devkitPro/devkitARM/bin/../lib/gcc/arm-none-eabi/4.9.2/../../../../arm-none-eabi/lib/thumb/libsysbase.a(handle_manager.o)
                0x08001b88                __free_handle
                0x08001bbc                __release_handle
                0x08001be4                __alloc_handle
                0x08001c28                __get_handle
                0x08001c44                dup
                0x08001c9c                dup2
 .text          0x08001d2c       0x28 /Users/ivo/Desktop/Programming/GBA/devkitPro/devkitARM/bin/../lib/gcc/arm-none-eabi/4.9.2/../../../../arm-none-eabi/lib/thumb/libsysbase.a(getreent.o)
                0x08001d2c                __getreent
 .text          0x08001d54      0x140 /Users/ivo/Desktop/Programming/GBA/devkitPro/devkitARM/bin/../lib/gcc/arm-none-eabi/4.9.2/../../../../arm-none-eabi/lib/thumb/libsysbase.a(iosupport.o)
                0x08001d54                setDefaultDevice
                0x08001d64                FindDevice
                0x08001dd4                RemoveDevice
                0x08001df8                AddDevice
                0x08001e74                GetDeviceOpTab
 .text          0x08001e94      0x11c /Users/ivo/Desktop/Programming/GBA/devkitPro/devkitARM/bin/../lib/gcc/arm-none-eabi/4.9.2/thumb/libgcc.a(_udivsi3.o)
                0x08001e94                __udivsi3
                0x08001e94                __aeabi_uidiv
                0x08001f90                __aeabi_uidivmod
 .text          0x08001fb0      0x41c /Users/ivo/Desktop/Programming/GBA/devkitPro/devkitARM/bin/../lib/gcc/arm-none-eabi/4.9.2/thumb/libgcc.a(_arm_addsubdf3.o)
                0x08001fb0                __aeabi_drsub
                0x08001fb8                __subdf3
                0x08001fb8                __aeabi_dsub
                0x08001fbc                __aeabi_dadd
                0x08001fbc                __adddf3
                0x080022cc                __aeabi_ui2d
                0x080022cc                __floatunsidf
                0x080022f0                __floatsidf
                0x080022f0                __aeabi_i2d
                0x08002318                __extendsfdf2
                0x08002318                __aeabi_f2d
                0x08002358                __aeabi_ul2d
                0x08002358                __floatundidf
                0x0800236c                __aeabi_l2d
                0x0800236c                __floatdidf
 .text          0x080023cc      0x49c /Users/ivo/Desktop/Programming/GBA/devkitPro/devkitARM/bin/../lib/gcc/arm-none-eabi/4.9.2/thumb/libgcc.a(_arm_muldivdf3.o)
                0x080023cc                __aeabi_dmul
                0x080023cc                __muldf3
                0x0800265c                __aeabi_ddiv
                0x0800265c                __divdf3
 .text          0x08002868      0x144 /Users/ivo/Desktop/Programming/GBA/devkitPro/devkitARM/bin/../lib/gcc/arm-none-eabi/4.9.2/thumb/libgcc.a(_arm_cmpdf2.o)
                0x08002868                __gtdf2
                0x08002868                __gedf2
                0x08002870                __ltdf2
                0x08002870                __ledf2
                0x08002878                __eqdf2
                0x08002878                __nedf2
                0x08002878                __cmpdf2
                0x08002900                __aeabi_cdrcmple
                0x0800291c                __aeabi_cdcmple
                0x0800291c                __aeabi_cdcmpeq
                0x08002934                __aeabi_dcmpeq
                0x0800294c                __aeabi_dcmplt
                0x08002964                __aeabi_dcmple
                0x0800297c                __aeabi_dcmpge
                0x08002994                __aeabi_dcmpgt
 .text          0x080029ac       0x5c /Users/ivo/Desktop/Programming/GBA/devkitPro/devkitARM/bin/../lib/gcc/arm-none-eabi/4.9.2/thumb/libgcc.a(_arm_fixdfsi.o)
                0x080029ac                __fixdfsi
                0x080029ac                __aeabi_d2iz
 .text          0x08002a08       0x3c /Users/ivo/Desktop/Programming/GBA/devkitPro/devkitARM/bin/../lib/gcc/arm-none-eabi/4.9.2/thumb/libgcc.a(_aeabi_uldivmod.o)
                0x08002a08                __aeabi_uldivmod
 .text          0x08002a44       0x60 /Users/ivo/Desktop/Programming/GBA/devkitPro/devkitARM/bin/../lib/gcc/arm-none-eabi/4.9.2/thumb/libgcc.a(_muldi3.o)
                0x08002a44                __aeabi_lmul
                0x08002a44                __muldi3
 .text          0x08002aa4       0x74 /Users/ivo/Desktop/Programming/GBA/devkitPro/devkitARM/bin/../lib/gcc/arm-none-eabi/4.9.2/thumb/libgcc.a(bpabi.o)
                0x08002aa4                __gnu_ldivmod_helper
                0x08002ae0                __gnu_uldivmod_helper
 .text          0x08002b18      0x1f4 /Users/ivo/Desktop/Programming/GBA/devkitPro/devkitARM/bin/../lib/gcc/arm-none-eabi/4.9.2/thumb/libgcc.a(_divdi3.o)
                0x08002b18                __divdi3
 .text          0x08002d0c      0x15c /Users/ivo/Desktop/Programming/GBA/devkitPro/devkitARM/bin/../lib/gcc/arm-none-eabi/4.9.2/thumb/libgcc.a(_udivdi3.o)
                0x08002d0c                __udivdi3
 .text          0x08002e68       0x28 /Users/ivo/Desktop/Programming/GBA/devkitPro/devkitARM/bin/../lib/gcc/arm-none-eabi/4.9.2/thumb/libgcc.a(_clzdi2.o)
                0x08002e68                __clzdi2
 .text          0x08002e90       0x48 /Users/ivo/Desktop/Programming/GBA/devkitPro/devkitARM/bin/../lib/gcc/arm-none-eabi/4.9.2/thumb/libgcc.a(_clzsi2.o)
                0x08002e90                __clzsi2
 .text          0x08002ed8        0x0 /Users/ivo/Desktop/Programming/GBA/devkitPro/devkitARM/bin/../lib/gcc/arm-none-eabi/4.9.2/../../../../arm-none-eabi/lib/thumb/libg.a(lib_a-errno.o)
 .text          0x08002ed8        0x0 /Users/ivo/Desktop/Programming/GBA/devkitPro/devkitARM/bin/../lib/gcc/arm-none-eabi/4.9.2/../../../../arm-none-eabi/lib/thumb/libg.a(lib_a-malloc.o)
 .text          0x08002ed8        0x0 /Users/ivo/Desktop/Programming/GBA/devkitPro/devkitARM/bin/../lib/gcc/arm-none-eabi/4.9.2/thumb/crtend.o
 .text          0x08002ed8        0x0 /Users/ivo/Desktop/Programming/GBA/devkitPro/devkitARM/bin/../lib/gcc/arm-none-eabi/4.9.2/thumb/crtn.o
 *(.text .stub .text.* .gnu.linkonce.t.*)
 .text.startup  0x08002ed8      0x1a8 main.o
                0x08002ed8                main
 .text._fclose_r
                0x08003080       0xac /Users/ivo/Desktop/Programming/GBA/devkitPro/devkitARM/bin/../lib/gcc/arm-none-eabi/4.9.2/../../../../arm-none-eabi/lib/thumb/libg.a(lib_a-fclose.o)
                0x08003080                _fclose_r
 .text.fclose   0x0800312c       0x14 /Users/ivo/Desktop/Programming/GBA/devkitPro/devkitARM/bin/../lib/gcc/arm-none-eabi/4.9.2/../../../../arm-none-eabi/lib/thumb/libg.a(lib_a-fclose.o)
                0x0800312c                fclose
 .text.__sflush_r
                0x08003140      0x168 /Users/ivo/Desktop/Programming/GBA/devkitPro/devkitARM/bin/../lib/gcc/arm-none-eabi/4.9.2/../../../../arm-none-eabi/lib/thumb/libg.a(lib_a-fflush.o)
                0x08003140                __sflush_r
 .text._fflush_r
                0x080032a8       0x58 /Users/ivo/Desktop/Programming/GBA/devkitPro/devkitARM/bin/../lib/gcc/arm-none-eabi/4.9.2/../../../../arm-none-eabi/lib/thumb/libg.a(lib_a-fflush.o)
                0x080032a8                _fflush_r
 .text.fflush   0x08003300       0x2c /Users/ivo/Desktop/Programming/GBA/devkitPro/devkitARM/bin/../lib/gcc/arm-none-eabi/4.9.2/../../../../arm-none-eabi/lib/thumb/libg.a(lib_a-fflush.o)
                0x08003300                fflush
 .text._cleanup_r
                0x0800332c       0x14 /Users/ivo/Desktop/Programming/GBA/devkitPro/devkitARM/bin/../lib/gcc/arm-none-eabi/4.9.2/../../../../arm-none-eabi/lib/thumb/libg.a(lib_a-findfp.o)
                0x0800332c                _cleanup_r
 .text.__fp_lock
                0x08003340       0x14 /Users/ivo/Desktop/Programming/GBA/devkitPro/devkitARM/bin/../lib/gcc/arm-none-eabi/4.9.2/../../../../arm-none-eabi/lib/thumb/libg.a(lib_a-findfp.o)
 .text.__fp_unlock
                0x08003354       0x14 /Users/ivo/Desktop/Programming/GBA/devkitPro/devkitARM/bin/../lib/gcc/arm-none-eabi/4.9.2/../../../../arm-none-eabi/lib/thumb/libg.a(lib_a-findfp.o)
 .text.__sinit.part.1
                0x08003368       0xfc /Users/ivo/Desktop/Programming/GBA/devkitPro/devkitARM/bin/../lib/gcc/arm-none-eabi/4.9.2/../../../../arm-none-eabi/lib/thumb/libg.a(lib_a-findfp.o)
 .text.__sfmoreglue
                0x08003464       0x34 /Users/ivo/Desktop/Programming/GBA/devkitPro/devkitARM/bin/../lib/gcc/arm-none-eabi/4.9.2/../../../../arm-none-eabi/lib/thumb/libg.a(lib_a-findfp.o)
                0x08003464                __sfmoreglue
 .text.__sfp    0x08003498       0x94 /Users/ivo/Desktop/Programming/GBA/devkitPro/devkitARM/bin/../lib/gcc/arm-none-eabi/4.9.2/../../../../arm-none-eabi/lib/thumb/libg.a(lib_a-findfp.o)
                0x08003498                __sfp
 .text._cleanup
                0x0800352c       0x1c /Users/ivo/Desktop/Programming/GBA/devkitPro/devkitARM/bin/../lib/gcc/arm-none-eabi/4.9.2/../../../../arm-none-eabi/lib/thumb/libg.a(lib_a-findfp.o)
                0x0800352c                _cleanup
 .text.__sinit  0x08003548       0x14 /Users/ivo/Desktop/Programming/GBA/devkitPro/devkitARM/bin/../lib/gcc/arm-none-eabi/4.9.2/../../../../arm-none-eabi/lib/thumb/libg.a(lib_a-findfp.o)
                0x08003548                __sinit
 .text.__sfp_lock_acquire
                0x0800355c        0x4 /Users/ivo/Desktop/Programming/GBA/devkitPro/devkitARM/bin/../lib/gcc/arm-none-eabi/4.9.2/../../../../arm-none-eabi/lib/thumb/libg.a(lib_a-findfp.o)
                0x0800355c                __sfp_lock_acquire
 .text.__sfp_lock_release
                0x08003560        0x4 /Users/ivo/Desktop/Programming/GBA/devkitPro/devkitARM/bin/../lib/gcc/arm-none-eabi/4.9.2/../../../../arm-none-eabi/lib/thumb/libg.a(lib_a-findfp.o)
                0x08003560                __sfp_lock_release
 .text.__sinit_lock_acquire
                0x08003564        0x4 /Users/ivo/Desktop/Programming/GBA/devkitPro/devkitARM/bin/../lib/gcc/arm-none-eabi/4.9.2/../../../../arm-none-eabi/lib/thumb/libg.a(lib_a-findfp.o)
                0x08003564                __sinit_lock_acquire
 .text.__sinit_lock_release
                0x08003568        0x4 /Users/ivo/Desktop/Programming/GBA/devkitPro/devkitARM/bin/../lib/gcc/arm-none-eabi/4.9.2/../../../../arm-none-eabi/lib/thumb/libg.a(lib_a-findfp.o)
                0x08003568                __sinit_lock_release
 .text.__fp_lock_all
                0x0800356c       0x18 /Users/ivo/Desktop/Programming/GBA/devkitPro/devkitARM/bin/../lib/gcc/arm-none-eabi/4.9.2/../../../../arm-none-eabi/lib/thumb/libg.a(lib_a-findfp.o)
                0x0800356c                __fp_lock_all
 .text.__fp_unlock_all
                0x08003584       0x18 /Users/ivo/Desktop/Programming/GBA/devkitPro/devkitARM/bin/../lib/gcc/arm-none-eabi/4.9.2/../../../../arm-none-eabi/lib/thumb/libg.a(lib_a-findfp.o)
                0x08003584                __fp_unlock_all
 .text._fopen_r
                0x0800359c       0xac /Users/ivo/Desktop/Programming/GBA/devkitPro/devkitARM/bin/../lib/gcc/arm-none-eabi/4.9.2/../../../../arm-none-eabi/lib/thumb/libg.a(lib_a-fopen.o)
                0x0800359c                _fopen_r
 .text.fopen    0x08003648       0x18 /Users/ivo/Desktop/Programming/GBA/devkitPro/devkitARM/bin/../lib/gcc/arm-none-eabi/4.9.2/../../../../arm-none-eabi/lib/thumb/libg.a(lib_a-fopen.o)
                0x08003648                fopen
 .text._fprintf_r
                0x08003660       0x18 /Users/ivo/Desktop/Programming/GBA/devkitPro/devkitARM/bin/../lib/gcc/arm-none-eabi/4.9.2/../../../../arm-none-eabi/lib/thumb/libg.a(lib_a-fprintf.o)
                0x08003660                _fprintf_r
 .text.fprintf  0x08003678       0x28 /Users/ivo/Desktop/Programming/GBA/devkitPro/devkitARM/bin/../lib/gcc/arm-none-eabi/4.9.2/../../../../arm-none-eabi/lib/thumb/libg.a(lib_a-fprintf.o)
                0x08003678                fprintf
 .text._fread_r
                0x080036a0      0x1d0 /Users/ivo/Desktop/Programming/GBA/devkitPro/devkitARM/bin/../lib/gcc/arm-none-eabi/4.9.2/../../../../arm-none-eabi/lib/thumb/libg.a(lib_a-fread.o)
                0x080036a0                _fread_r
 .text.fread    0x08003870       0x24 /Users/ivo/Desktop/Programming/GBA/devkitPro/devkitARM/bin/../lib/gcc/arm-none-eabi/4.9.2/../../../../arm-none-eabi/lib/thumb/libg.a(lib_a-fread.o)
                0x08003870                fread
 .text._malloc_trim_r
                0x08003894       0xa4 /Users/ivo/Desktop/Programming/GBA/devkitPro/devkitARM/bin/../lib/gcc/arm-none-eabi/4.9.2/../../../../arm-none-eabi/lib/thumb/libg.a(lib_a-freer.o)
                0x08003894                _malloc_trim_r
 .text._free_r  0x08003938      0x1b0 /Users/ivo/Desktop/Programming/GBA/devkitPro/devkitARM/bin/../lib/gcc/arm-none-eabi/4.9.2/../../../../arm-none-eabi/lib/thumb/libg.a(lib_a-freer.o)
                0x08003938                _free_r
 .text._fseek_r
                0x08003ae8        0xc /Users/ivo/Desktop/Programming/GBA/devkitPro/devkitARM/bin/../lib/gcc/arm-none-eabi/4.9.2/../../../../arm-none-eabi/lib/thumb/libg.a(lib_a-fseek.o)
                0x08003ae8                _fseek_r
 .text.fseek    0x08003af4       0x1c /Users/ivo/Desktop/Programming/GBA/devkitPro/devkitARM/bin/../lib/gcc/arm-none-eabi/4.9.2/../../../../arm-none-eabi/lib/thumb/libg.a(lib_a-fseek.o)
                0x08003af4                fseek
 .text._fseeko_r
                0x08003b10      0x348 /Users/ivo/Desktop/Programming/GBA/devkitPro/devkitARM/bin/../lib/gcc/arm-none-eabi/4.9.2/../../../../arm-none-eabi/lib/thumb/libg.a(lib_a-fseeko.o)
                0x08003b10                _fseeko_r
 .text.fseeko   0x08003e58       0x1c /Users/ivo/Desktop/Programming/GBA/devkitPro/devkitARM/bin/../lib/gcc/arm-none-eabi/4.9.2/../../../../arm-none-eabi/lib/thumb/libg.a(lib_a-fseeko.o)
                0x08003e58                fseeko
 .text._fwalk   0x08003e74       0x50 /Users/ivo/Desktop/Programming/GBA/devkitPro/devkitARM/bin/../lib/gcc/arm-none-eabi/4.9.2/../../../../arm-none-eabi/lib/thumb/libg.a(lib_a-fwalk.o)
                0x08003e74                _fwalk
 .text._fwalk_reent
                0x08003ec4       0x58 /Users/ivo/Desktop/Programming/GBA/devkitPro/devkitARM/bin/../lib/gcc/arm-none-eabi/4.9.2/../../../../arm-none-eabi/lib/thumb/libg.a(lib_a-fwalk.o)
                0x08003ec4                _fwalk_reent
 .text._fwrite_r
                0x08003f1c       0xb4 /Users/ivo/Desktop/Programming/GBA/devkitPro/devkitARM/bin/../lib/gcc/arm-none-eabi/4.9.2/../../../../arm-none-eabi/lib/thumb/libg.a(lib_a-fwrite.o)
                0x08003f1c                _fwrite_r
 .text.fwrite   0x08003fd0       0x24 /Users/ivo/Desktop/Programming/GBA/devkitPro/devkitARM/bin/../lib/gcc/arm-none-eabi/4.9.2/../../../../arm-none-eabi/lib/thumb/libg.a(lib_a-fwrite.o)
                0x08003fd0                fwrite
 .text.__libc_init_array
                0x08003ff4       0x58 /Users/ivo/Desktop/Programming/GBA/devkitPro/devkitARM/bin/../lib/gcc/arm-none-eabi/4.9.2/../../../../arm-none-eabi/lib/thumb/libg.a(lib_a-init.o)
                0x08003ff4                __libc_init_array
 .text.__smakebuf_r
                0x0800404c      0x100 /Users/ivo/Desktop/Programming/GBA/devkitPro/devkitARM/bin/../lib/gcc/arm-none-eabi/4.9.2/../../../../arm-none-eabi/lib/thumb/libg.a(lib_a-makebuf.o)
                0x0800404c                __smakebuf_r
 .text._malloc_r
                0x0800414c      0x54c /Users/ivo/Desktop/Programming/GBA/devkitPro/devkitARM/bin/../lib/gcc/arm-none-eabi/4.9.2/../../../../arm-none-eabi/lib/thumb/libg.a(lib_a-mallocr.o)
                0x0800414c                _malloc_r
 .text.memcpy   0x08004698       0x84 /Users/ivo/Desktop/Programming/GBA/devkitPro/devkitARM/bin/../lib/gcc/arm-none-eabi/4.9.2/../../../../arm-none-eabi/lib/thumb/libg.a(lib_a-memcpy.o)
                0x08004698                memcpy
 .text.memmove  0x0800471c       0x9c /Users/ivo/Desktop/Programming/GBA/devkitPro/devkitARM/bin/../lib/gcc/arm-none-eabi/4.9.2/../../../../arm-none-eabi/lib/thumb/libg.a(lib_a-memmove.o)
                0x0800471c                memmove
 .text.memset   0x080047b8       0x98 /Users/ivo/Desktop/Programming/GBA/devkitPro/devkitARM/bin/../lib/gcc/arm-none-eabi/4.9.2/../../../../arm-none-eabi/lib/thumb/libg.a(lib_a-memset.o)
                0x080047b8                memset
 .text.__malloc_lock
                0x08004850        0x4 /Users/ivo/Desktop/Programming/GBA/devkitPro/devkitARM/bin/../lib/gcc/arm-none-eabi/4.9.2/../../../../arm-none-eabi/lib/thumb/libg.a(lib_a-mlock.o)
                0x08004850                __malloc_lock
 .text.__malloc_unlock
                0x08004854        0x4 /Users/ivo/Desktop/Programming/GBA/devkitPro/devkitARM/bin/../lib/gcc/arm-none-eabi/4.9.2/../../../../arm-none-eabi/lib/thumb/libg.a(lib_a-mlock.o)
                0x08004854                __malloc_unlock
 .text.srand    0x08004858       0x18 /Users/ivo/Desktop/Programming/GBA/devkitPro/devkitARM/bin/../lib/gcc/arm-none-eabi/4.9.2/../../../../arm-none-eabi/lib/thumb/libg.a(lib_a-rand.o)
                0x08004858                srand
 .text.rand     0x08004870       0x38 /Users/ivo/Desktop/Programming/GBA/devkitPro/devkitARM/bin/../lib/gcc/arm-none-eabi/4.9.2/../../../../arm-none-eabi/lib/thumb/libg.a(lib_a-rand.o)
                0x08004870                rand
 .text.lflush   0x080048a8       0x20 /Users/ivo/Desktop/Programming/GBA/devkitPro/devkitARM/bin/../lib/gcc/arm-none-eabi/4.9.2/../../../../arm-none-eabi/lib/thumb/libg.a(lib_a-refill.o)
 .text.__srefill_r
                0x080048c8      0x12c /Users/ivo/Desktop/Programming/GBA/devkitPro/devkitARM/bin/../lib/gcc/arm-none-eabi/4.9.2/../../../../arm-none-eabi/lib/thumb/libg.a(lib_a-refill.o)
                0x080048c8                __srefill_r
 .text.__sread  0x080049f4       0x2c /Users/ivo/Desktop/Programming/GBA/devkitPro/devkitARM/bin/../lib/gcc/arm-none-eabi/4.9.2/../../../../arm-none-eabi/lib/thumb/libg.a(lib_a-stdio.o)
                0x080049f4                __sread
 .text.__seofread
                0x08004a20        0x4 /Users/ivo/Desktop/Programming/GBA/devkitPro/devkitARM/bin/../lib/gcc/arm-none-eabi/4.9.2/../../../../arm-none-eabi/lib/thumb/libg.a(lib_a-stdio.o)
                0x08004a20                __seofread
 .text.__swrite
                0x08004a24       0x44 /Users/ivo/Desktop/Programming/GBA/devkitPro/devkitARM/bin/../lib/gcc/arm-none-eabi/4.9.2/../../../../arm-none-eabi/lib/thumb/libg.a(lib_a-stdio.o)
                0x08004a24                __swrite
 .text.__sseek  0x08004a68       0x30 /Users/ivo/Desktop/Programming/GBA/devkitPro/devkitARM/bin/../lib/gcc/arm-none-eabi/4.9.2/../../../../arm-none-eabi/lib/thumb/libg.a(lib_a-stdio.o)
                0x08004a68                __sseek
 .text.__sclose
                0x08004a98       0x10 /Users/ivo/Desktop/Programming/GBA/devkitPro/devkitARM/bin/../lib/gcc/arm-none-eabi/4.9.2/../../../../arm-none-eabi/lib/thumb/libg.a(lib_a-stdio.o)
                0x08004a98                __sclose
 .text.time     0x08004aa8       0x2c /Users/ivo/Desktop/Programming/GBA/devkitPro/devkitARM/bin/../lib/gcc/arm-none-eabi/4.9.2/../../../../arm-none-eabi/lib/thumb/libg.a(lib_a-time.o)
                0x08004aa8                time
 .text.get_arg  0x08004ad4      0x4a8 /Users/ivo/Desktop/Programming/GBA/devkitPro/devkitARM/bin/../lib/gcc/arm-none-eabi/4.9.2/../../../../arm-none-eabi/lib/thumb/libg.a(lib_a-vfprintf.o)
 *fill*         0x08004f7c        0x4 ff
 .text._vfprintf_r
                0x08004f80     0x2f20 /Users/ivo/Desktop/Programming/GBA/devkitPro/devkitARM/bin/../lib/gcc/arm-none-eabi/4.9.2/../../../../arm-none-eabi/lib/thumb/libg.a(lib_a-vfprintf.o)
                0x08004f80                _vfprintf_r
 .text.vfprintf
                0x08007ea0       0x1c /Users/ivo/Desktop/Programming/GBA/devkitPro/devkitARM/bin/../lib/gcc/arm-none-eabi/4.9.2/../../../../arm-none-eabi/lib/thumb/libg.a(lib_a-vfprintf.o)
                0x08007ea0                vfprintf
 .text.__sbprintf
                0x08007ebc       0x78 /Users/ivo/Desktop/Programming/GBA/devkitPro/devkitARM/bin/../lib/gcc/arm-none-eabi/4.9.2/../../../../arm-none-eabi/lib/thumb/libg.a(lib_a-vfprintf.o)
 .text._wcrtomb_r
                0x08007f34       0x6c /Users/ivo/Desktop/Programming/GBA/devkitPro/devkitARM/bin/../lib/gcc/arm-none-eabi/4.9.2/../../../../arm-none-eabi/lib/thumb/libg.a(lib_a-wcrtomb.o)
                0x08007f34                _wcrtomb_r
 .text.wcrtomb  0x08007fa0       0x74 /Users/ivo/Desktop/Programming/GBA/devkitPro/devkitARM/bin/../lib/gcc/arm-none-eabi/4.9.2/../../../../arm-none-eabi/lib/thumb/libg.a(lib_a-wcrtomb.o)
                0x08007fa0                wcrtomb
 .text._wcsrtombs_r
                0x08008014       0x18 /Users/ivo/Desktop/Programming/GBA/devkitPro/devkitARM/bin/../lib/gcc/arm-none-eabi/4.9.2/../../../../arm-none-eabi/lib/thumb/libg.a(lib_a-wcsrtombs.o)
                0x08008014                _wcsrtombs_r
 .text.wcsrtombs
                0x0800802c       0x28 /Users/ivo/Desktop/Programming/GBA/devkitPro/devkitARM/bin/../lib/gcc/arm-none-eabi/4.9.2/../../../../arm-none-eabi/lib/thumb/libg.a(lib_a-wcsrtombs.o)
                0x0800802c                wcsrtombs
 .text.__utf8_wctomb
                0x08008054       0xc0 /Users/ivo/Desktop/Programming/GBA/devkitPro/devkitARM/bin/../lib/gcc/arm-none-eabi/4.9.2/../../../../arm-none-eabi/lib/thumb/libg.a(lib_a-wctomb_r.o)
                0x08008054                __utf8_wctomb
 .text._wctomb_r
                0x08008114       0x3c /Users/ivo/Desktop/Programming/GBA/devkitPro/devkitARM/bin/../lib/gcc/arm-none-eabi/4.9.2/../../../../arm-none-eabi/lib/thumb/libg.a(lib_a-wctomb_r.o)
                0x08008114                _wctomb_r
 .text.__ascii_wctomb
                0x08008150       0x1c /Users/ivo/Desktop/Programming/GBA/devkitPro/devkitARM/bin/../lib/gcc/arm-none-eabi/4.9.2/../../../../arm-none-eabi/lib/thumb/libg.a(lib_a-wctomb_r.o)
                0x08008150                __ascii_wctomb
 .text.__sjis_wctomb
                0x0800816c       0x80 /Users/ivo/Desktop/Programming/GBA/devkitPro/devkitARM/bin/../lib/gcc/arm-none-eabi/4.9.2/../../../../arm-none-eabi/lib/thumb/libg.a(lib_a-wctomb_r.o)
                0x0800816c                __sjis_wctomb
 .text.__eucjp_wctomb
                0x080081ec       0x88 /Users/ivo/Desktop/Programming/GBA/devkitPro/devkitARM/bin/../lib/gcc/arm-none-eabi/4.9.2/../../../../arm-none-eabi/lib/thumb/libg.a(lib_a-wctomb_r.o)
                0x080081ec                __eucjp_wctomb
 .text.__jis_wctomb
                0x08008274       0x80 /Users/ivo/Desktop/Programming/GBA/devkitPro/devkitARM/bin/../lib/gcc/arm-none-eabi/4.9.2/../../../../arm-none-eabi/lib/thumb/libg.a(lib_a-wctomb_r.o)
                0x08008274                __jis_wctomb
 .text.__swsetup_r
                0x080082f4       0xd0 /Users/ivo/Desktop/Programming/GBA/devkitPro/devkitARM/bin/../lib/gcc/arm-none-eabi/4.9.2/../../../../arm-none-eabi/lib/thumb/libg.a(lib_a-wsetup.o)
                0x080082f4                __swsetup_r
 .text.quorem   0x080083c4      0x160 /Users/ivo/Desktop/Programming/GBA/devkitPro/devkitARM/bin/../lib/gcc/arm-none-eabi/4.9.2/../../../../arm-none-eabi/lib/thumb/libg.a(lib_a-dtoa.o)
 *fill*         0x08008524        0x4 ff
 .text._dtoa_r  0x08008528     0x1098 /Users/ivo/Desktop/Programming/GBA/devkitPro/devkitARM/bin/../lib/gcc/arm-none-eabi/4.9.2/../../../../arm-none-eabi/lib/thumb/libg.a(lib_a-dtoa.o)
                0x08008528                _dtoa_r
 .text.__sflags
                0x080095c0       0x9c /Users/ivo/Desktop/Programming/GBA/devkitPro/devkitARM/bin/../lib/gcc/arm-none-eabi/4.9.2/../../../../arm-none-eabi/lib/thumb/libg.a(lib_a-flags.o)
                0x080095c0                __sflags
 .text.__sfvwrite_r
                0x0800965c      0x340 /Users/ivo/Desktop/Programming/GBA/devkitPro/devkitARM/bin/../lib/gcc/arm-none-eabi/4.9.2/../../../../arm-none-eabi/lib/thumb/libg.a(lib_a-fvwrite.o)
                0x0800965c                __sfvwrite_r
 .text.__get_locale_env
                0x0800999c       0x58 /Users/ivo/Desktop/Programming/GBA/devkitPro/devkitARM/bin/../lib/gcc/arm-none-eabi/4.9.2/../../../../arm-none-eabi/lib/thumb/libg.a(lib_a-locale.o)
 .text.loadlocale
                0x080099f4      0x620 /Users/ivo/Desktop/Programming/GBA/devkitPro/devkitARM/bin/../lib/gcc/arm-none-eabi/4.9.2/../../../../arm-none-eabi/lib/thumb/libg.a(lib_a-locale.o)
 .text.currentlocale
                0x0800a014       0x64 /Users/ivo/Desktop/Programming/GBA/devkitPro/devkitARM/bin/../lib/gcc/arm-none-eabi/4.9.2/../../../../arm-none-eabi/lib/thumb/libg.a(lib_a-locale.o)
 .text._setlocale_r
                0x0800a078      0x210 /Users/ivo/Desktop/Programming/GBA/devkitPro/devkitARM/bin/../lib/gcc/arm-none-eabi/4.9.2/../../../../arm-none-eabi/lib/thumb/libg.a(lib_a-locale.o)
                0x0800a078                _setlocale_r
 .text.__locale_charset
                0x0800a288        0x8 /Users/ivo/Desktop/Programming/GBA/devkitPro/devkitARM/bin/../lib/gcc/arm-none-eabi/4.9.2/../../../../arm-none-eabi/lib/thumb/libg.a(lib_a-locale.o)
                0x0800a288                __locale_charset
 .text.__locale_mb_cur_max
                0x0800a290        0xc /Users/ivo/Desktop/Programming/GBA/devkitPro/devkitARM/bin/../lib/gcc/arm-none-eabi/4.9.2/../../../../arm-none-eabi/lib/thumb/libg.a(lib_a-locale.o)
                0x0800a290                __locale_mb_cur_max
 .text.__locale_msgcharset
                0x0800a29c        0x8 /Users/ivo/Desktop/Programming/GBA/devkitPro/devkitARM/bin/../lib/gcc/arm-none-eabi/4.9.2/../../../../arm-none-eabi/lib/thumb/libg.a(lib_a-locale.o)
                0x0800a29c                __locale_msgcharset
 .text.__locale_cjk_lang
                0x0800a2a4        0xc /Users/ivo/Desktop/Programming/GBA/devkitPro/devkitARM/bin/../lib/gcc/arm-none-eabi/4.9.2/../../../../arm-none-eabi/lib/thumb/libg.a(lib_a-locale.o)
                0x0800a2a4                __locale_cjk_lang
 .text._localeconv_r
                0x0800a2b0        0x8 /Users/ivo/Desktop/Programming/GBA/devkitPro/devkitARM/bin/../lib/gcc/arm-none-eabi/4.9.2/../../../../arm-none-eabi/lib/thumb/libg.a(lib_a-locale.o)
                0x0800a2b0                _localeconv_r
 .text.setlocale
                0x0800a2b8       0x18 /Users/ivo/Desktop/Programming/GBA/devkitPro/devkitARM/bin/../lib/gcc/arm-none-eabi/4.9.2/../../../../arm-none-eabi/lib/thumb/libg.a(lib_a-locale.o)
                0x0800a2b8                setlocale
 .text.localeconv
                0x0800a2d0       0x14 /Users/ivo/Desktop/Programming/GBA/devkitPro/devkitARM/bin/../lib/gcc/arm-none-eabi/4.9.2/../../../../arm-none-eabi/lib/thumb/libg.a(lib_a-locale.o)
                0x0800a2d0                localeconv
 .text.__utf8_mbtowc
                0x0800a2e4      0x2bc /Users/ivo/Desktop/Programming/GBA/devkitPro/devkitARM/bin/../lib/gcc/arm-none-eabi/4.9.2/../../../../arm-none-eabi/lib/thumb/libg.a(lib_a-mbtowc_r.o)
                0x0800a2e4                __utf8_mbtowc
 .text._mbtowc_r
                0x0800a5a0       0x40 /Users/ivo/Desktop/Programming/GBA/devkitPro/devkitARM/bin/../lib/gcc/arm-none-eabi/4.9.2/../../../../arm-none-eabi/lib/thumb/libg.a(lib_a-mbtowc_r.o)
                0x0800a5a0                _mbtowc_r
 .text.__ascii_mbtowc
                0x0800a5e0       0x2c /Users/ivo/Desktop/Programming/GBA/devkitPro/devkitARM/bin/../lib/gcc/arm-none-eabi/4.9.2/../../../../arm-none-eabi/lib/thumb/libg.a(lib_a-mbtowc_r.o)
                0x0800a5e0                __ascii_mbtowc
 .text.__sjis_mbtowc
                0x0800a60c       0xb4 /Users/ivo/Desktop/Programming/GBA/devkitPro/devkitARM/bin/../lib/gcc/arm-none-eabi/4.9.2/../../../../arm-none-eabi/lib/thumb/libg.a(lib_a-mbtowc_r.o)
                0x0800a60c                __sjis_mbtowc
 .text.__eucjp_mbtowc
                0x0800a6c0       0xd0 /Users/ivo/Desktop/Programming/GBA/devkitPro/devkitARM/bin/../lib/gcc/arm-none-eabi/4.9.2/../../../../arm-none-eabi/lib/thumb/libg.a(lib_a-mbtowc_r.o)
                0x0800a6c0                __eucjp_mbtowc
 .text.__jis_mbtowc
                0x0800a790      0x148 /Users/ivo/Desktop/Programming/GBA/devkitPro/devkitARM/bin/../lib/gcc/arm-none-eabi/4.9.2/../../../../arm-none-eabi/lib/thumb/libg.a(lib_a-mbtowc_r.o)
                0x0800a790                __jis_mbtowc
 .text.memchr   0x0800a8d8       0x8c /Users/ivo/Desktop/Programming/GBA/devkitPro/devkitARM/bin/../lib/gcc/arm-none-eabi/4.9.2/../../../../arm-none-eabi/lib/thumb/libg.a(lib_a-memchr.o)
                0x0800a8d8                memchr
 .text._Balloc  0x0800a964       0x54 /Users/ivo/Desktop/Programming/GBA/devkitPro/devkitARM/bin/../lib/gcc/arm-none-eabi/4.9.2/../../../../arm-none-eabi/lib/thumb/libg.a(lib_a-mprec.o)
                0x0800a964                _Balloc
 .text._Bfree   0x0800a9b8       0x14 /Users/ivo/Desktop/Programming/GBA/devkitPro/devkitARM/bin/../lib/gcc/arm-none-eabi/4.9.2/../../../../arm-none-eabi/lib/thumb/libg.a(lib_a-mprec.o)
                0x0800a9b8                _Bfree
 .text.__multadd
                0x0800a9cc       0x9c /Users/ivo/Desktop/Programming/GBA/devkitPro/devkitARM/bin/../lib/gcc/arm-none-eabi/4.9.2/../../../../arm-none-eabi/lib/thumb/libg.a(lib_a-mprec.o)
                0x0800a9cc                __multadd
 .text.__s2b    0x0800aa68       0x9c /Users/ivo/Desktop/Programming/GBA/devkitPro/devkitARM/bin/../lib/gcc/arm-none-eabi/4.9.2/../../../../arm-none-eabi/lib/thumb/libg.a(lib_a-mprec.o)
                0x0800aa68                __s2b
 .text.__hi0bits
                0x0800ab04       0x3c /Users/ivo/Desktop/Programming/GBA/devkitPro/devkitARM/bin/../lib/gcc/arm-none-eabi/4.9.2/../../../../arm-none-eabi/lib/thumb/libg.a(lib_a-mprec.o)
                0x0800ab04                __hi0bits
 .text.__lo0bits
                0x0800ab40       0x5c /Users/ivo/Desktop/Programming/GBA/devkitPro/devkitARM/bin/../lib/gcc/arm-none-eabi/4.9.2/../../../../arm-none-eabi/lib/thumb/libg.a(lib_a-mprec.o)
                0x0800ab40                __lo0bits
 .text.__i2b    0x0800ab9c       0x18 /Users/ivo/Desktop/Programming/GBA/devkitPro/devkitARM/bin/../lib/gcc/arm-none-eabi/4.9.2/../../../../arm-none-eabi/lib/thumb/libg.a(lib_a-mprec.o)
                0x0800ab9c                __i2b
 .text.__multiply
                0x0800abb4      0x168 /Users/ivo/Desktop/Programming/GBA/devkitPro/devkitARM/bin/../lib/gcc/arm-none-eabi/4.9.2/../../../../arm-none-eabi/lib/thumb/libg.a(lib_a-mprec.o)
                0x0800abb4                __multiply
 .text.__pow5mult
                0x0800ad1c       0xc0 /Users/ivo/Desktop/Programming/GBA/devkitPro/devkitARM/bin/../lib/gcc/arm-none-eabi/4.9.2/../../../../arm-none-eabi/lib/thumb/libg.a(lib_a-mprec.o)
                0x0800ad1c                __pow5mult
 .text.__lshift
                0x0800addc       0xd0 /Users/ivo/Desktop/Programming/GBA/devkitPro/devkitARM/bin/../lib/gcc/arm-none-eabi/4.9.2/../../../../arm-none-eabi/lib/thumb/libg.a(lib_a-mprec.o)
                0x0800addc                __lshift
 .text.__mcmp   0x0800aeac       0x3c /Users/ivo/Desktop/Programming/GBA/devkitPro/devkitARM/bin/../lib/gcc/arm-none-eabi/4.9.2/../../../../arm-none-eabi/lib/thumb/libg.a(lib_a-mprec.o)
                0x0800aeac                __mcmp
 .text.__mdiff  0x0800aee8       0xec /Users/ivo/Desktop/Programming/GBA/devkitPro/devkitARM/bin/../lib/gcc/arm-none-eabi/4.9.2/../../../../arm-none-eabi/lib/thumb/libg.a(lib_a-mprec.o)
                0x0800aee8                __mdiff
 .text.__ulp    0x0800afd4       0x50 /Users/ivo/Desktop/Programming/GBA/devkitPro/devkitARM/bin/../lib/gcc/arm-none-eabi/4.9.2/../../../../arm-none-eabi/lib/thumb/libg.a(lib_a-mprec.o)
                0x0800afd4                __ulp
 .text.__b2d    0x0800b024       0xe0 /Users/ivo/Desktop/Programming/GBA/devkitPro/devkitARM/bin/../lib/gcc/arm-none-eabi/4.9.2/../../../../arm-none-eabi/lib/thumb/libg.a(lib_a-mprec.o)
                0x0800b024                __b2d
 .text.__d2b    0x0800b104       0xc0 /Users/ivo/Desktop/Programming/GBA/devkitPro/devkitARM/bin/../lib/gcc/arm-none-eabi/4.9.2/../../../../arm-none-eabi/lib/thumb/libg.a(lib_a-mprec.o)
                0x0800b104                __d2b
 .text.__ratio  0x0800b1c4       0x74 /Users/ivo/Desktop/Programming/GBA/devkitPro/devkitARM/bin/../lib/gcc/arm-none-eabi/4.9.2/../../../../arm-none-eabi/lib/thumb/libg.a(lib_a-mprec.o)
                0x0800b1c4                __ratio
 .text._mprec_log10
                0x0800b238       0x48 /Users/ivo/Desktop/Programming/GBA/devkitPro/devkitARM/bin/../lib/gcc/arm-none-eabi/4.9.2/../../../../arm-none-eabi/lib/thumb/libg.a(lib_a-mprec.o)
                0x0800b238                _mprec_log10
 .text.__copybits
                0x0800b280       0x44 /Users/ivo/Desktop/Programming/GBA/devkitPro/devkitARM/bin/../lib/gcc/arm-none-eabi/4.9.2/../../../../arm-none-eabi/lib/thumb/libg.a(lib_a-mprec.o)
                0x0800b280                __copybits
 .text.__any_on
                0x0800b2c4       0x64 /Users/ivo/Desktop/Programming/GBA/devkitPro/devkitARM/bin/../lib/gcc/arm-none-eabi/4.9.2/../../../../arm-none-eabi/lib/thumb/libg.a(lib_a-mprec.o)
                0x0800b2c4                __any_on
 .text._realloc_r
                0x0800b328      0x3dc /Users/ivo/Desktop/Programming/GBA/devkitPro/devkitARM/bin/../lib/gcc/arm-none-eabi/4.9.2/../../../../arm-none-eabi/lib/thumb/libg.a(lib_a-reallocr.o)
                0x0800b328                _realloc_r
 .text.__fpclassifyd
                0x0800b704       0x5c /Users/ivo/Desktop/Programming/GBA/devkitPro/devkitARM/bin/../lib/gcc/arm-none-eabi/4.9.2/../../../../arm-none-eabi/lib/thumb/libg.a(lib_a-s_fpclassify.o)
                0x0800b704                __fpclassifyd
 .text.frexp    0x0800b760       0x80 /Users/ivo/Desktop/Programming/GBA/devkitPro/devkitARM/bin/../lib/gcc/arm-none-eabi/4.9.2/../../../../arm-none-eabi/lib/thumb/libg.a(lib_a-s_frexp.o)
                0x0800b760                frexp
 .text.strcasecmp
                0x0800b7e0       0x58 /Users/ivo/Desktop/Programming/GBA/devkitPro/devkitARM/bin/../lib/gcc/arm-none-eabi/4.9.2/../../../../arm-none-eabi/lib/thumb/libg.a(lib_a-strcasecmp.o)
                0x0800b7e0                strcasecmp
 .text.strcat   0x0800b838       0x54 /Users/ivo/Desktop/Programming/GBA/devkitPro/devkitARM/bin/../lib/gcc/arm-none-eabi/4.9.2/../../../../arm-none-eabi/lib/thumb/libg.a(lib_a-strcat.o)
                0x0800b838                strcat
 .text.strchr   0x0800b88c       0xdc /Users/ivo/Desktop/Programming/GBA/devkitPro/devkitARM/bin/../lib/gcc/arm-none-eabi/4.9.2/../../../../arm-none-eabi/lib/thumb/libg.a(lib_a-strchr.o)
                0x0800b88c                strchr
 .text.strcpy   0x0800b968       0x10 /Users/ivo/Desktop/Programming/GBA/devkitPro/devkitARM/bin/../lib/gcc/arm-none-eabi/4.9.2/../../../../arm-none-eabi/lib/thumb/libg.a(lib_a-strcpy.o)
                0x0800b968                strcpy
 .text.strlcpy  0x0800b978       0x4c /Users/ivo/Desktop/Programming/GBA/devkitPro/devkitARM/bin/../lib/gcc/arm-none-eabi/4.9.2/../../../../arm-none-eabi/lib/thumb/libg.a(lib_a-strlcpy.o)
                0x0800b978                strlcpy
 .text.strlen   0x0800b9c4       0x6c /Users/ivo/Desktop/Programming/GBA/devkitPro/devkitARM/bin/../lib/gcc/arm-none-eabi/4.9.2/../../../../arm-none-eabi/lib/thumb/libg.a(lib_a-strlen.o)
                0x0800b9c4                strlen
 .text.strncasecmp
                0x0800ba30       0x5c /Users/ivo/Desktop/Programming/GBA/devkitPro/devkitARM/bin/../lib/gcc/arm-none-eabi/4.9.2/../../../../arm-none-eabi/lib/thumb/libg.a(lib_a-strncasecmp.o)
                0x0800ba30                strncasecmp
 .text.strncmp  0x0800ba8c       0x98 /Users/ivo/Desktop/Programming/GBA/devkitPro/devkitARM/bin/../lib/gcc/arm-none-eabi/4.9.2/../../../../arm-none-eabi/lib/thumb/libg.a(lib_a-strncmp.o)
                0x0800ba8c                strncmp
 .text.strncpy  0x0800bb24       0x7c /Users/ivo/Desktop/Programming/GBA/devkitPro/devkitARM/bin/../lib/gcc/arm-none-eabi/4.9.2/../../../../arm-none-eabi/lib/thumb/libg.a(lib_a-strncpy.o)
                0x0800bb24                strncpy
 .text._strtol_r
                0x0800bba0      0x15c /Users/ivo/Desktop/Programming/GBA/devkitPro/devkitARM/bin/../lib/gcc/arm-none-eabi/4.9.2/../../../../arm-none-eabi/lib/thumb/libg.a(lib_a-strtol.o)
                0x0800bba0                _strtol_r
 .text.strtol   0x0800bcfc       0x1c /Users/ivo/Desktop/Programming/GBA/devkitPro/devkitARM/bin/../lib/gcc/arm-none-eabi/4.9.2/../../../../arm-none-eabi/lib/thumb/libg.a(lib_a-strtol.o)
                0x0800bcfc                strtol
 .text.get_arg  0x0800bd18      0x4a8 /Users/ivo/Desktop/Programming/GBA/devkitPro/devkitARM/bin/../lib/gcc/arm-none-eabi/4.9.2/../../../../arm-none-eabi/lib/thumb/libg.a(lib_a-svfiprintf.o)
 .text.__ssprint_r
                0x0800c1c0      0x134 /Users/ivo/Desktop/Programming/GBA/devkitPro/devkitARM/bin/../lib/gcc/arm-none-eabi/4.9.2/../../../../arm-none-eabi/lib/thumb/libg.a(lib_a-svfiprintf.o)
                0x0800c1c0                __ssprint_r
 .text._svfiprintf_r
                0x0800c2f4     0x1d80 /Users/ivo/Desktop/Programming/GBA/devkitPro/devkitARM/bin/../lib/gcc/arm-none-eabi/4.9.2/../../../../arm-none-eabi/lib/thumb/libg.a(lib_a-svfiprintf.o)
                0x0800c2f4                _svfiprintf_r
 .text.get_arg  0x0800e074      0x4a8 /Users/ivo/Desktop/Programming/GBA/devkitPro/devkitARM/bin/../lib/gcc/arm-none-eabi/4.9.2/../../../../arm-none-eabi/lib/thumb/libg.a(lib_a-vfiprintf.o)
 .text.__sprint_r.part.0
                0x0800e51c       0x80 /Users/ivo/Desktop/Programming/GBA/devkitPro/devkitARM/bin/../lib/gcc/arm-none-eabi/4.9.2/../../../../arm-none-eabi/lib/thumb/libg.a(lib_a-vfiprintf.o)
 .text.__sprint_r
                0x0800e59c       0x18 /Users/ivo/Desktop/Programming/GBA/devkitPro/devkitARM/bin/../lib/gcc/arm-none-eabi/4.9.2/../../../../arm-none-eabi/lib/thumb/libg.a(lib_a-vfiprintf.o)
                0x0800e59c                __sprint_r
 .text._vfiprintf_r
                0x0800e5b4     0x1f58 /Users/ivo/Desktop/Programming/GBA/devkitPro/devkitARM/bin/../lib/gcc/arm-none-eabi/4.9.2/../../../../arm-none-eabi/lib/thumb/libg.a(lib_a-vfiprintf.o)
                0x0800e5b4                _vfiprintf_r
 .text.vfiprintf
                0x0801050c       0x1c /Users/ivo/Desktop/Programming/GBA/devkitPro/devkitARM/bin/../lib/gcc/arm-none-eabi/4.9.2/../../../../arm-none-eabi/lib/thumb/libg.a(lib_a-vfiprintf.o)
                0x0801050c                vfiprintf
 .text.__sbprintf
                0x08010528       0x78 /Users/ivo/Desktop/Programming/GBA/devkitPro/devkitARM/bin/../lib/gcc/arm-none-eabi/4.9.2/../../../../arm-none-eabi/lib/thumb/libg.a(lib_a-vfiprintf.o)
 .text._wcsnrtombs_r
                0x080105a0      0x110 /Users/ivo/Desktop/Programming/GBA/devkitPro/devkitARM/bin/../lib/gcc/arm-none-eabi/4.9.2/../../../../arm-none-eabi/lib/thumb/libg.a(lib_a-wcsnrtombs.o)
                0x080105a0                _wcsnrtombs_r
 .text.wcsnrtombs
                0x080106b0       0x28 /Users/ivo/Desktop/Programming/GBA/devkitPro/devkitARM/bin/../lib/gcc/arm-none-eabi/4.9.2/../../../../arm-none-eabi/lib/thumb/libg.a(lib_a-wcsnrtombs.o)
                0x080106b0                wcsnrtombs
 .text._calloc_r
                0x080106d8       0x64 /Users/ivo/Desktop/Programming/GBA/devkitPro/devkitARM/bin/../lib/gcc/arm-none-eabi/4.9.2/../../../../arm-none-eabi/lib/thumb/libg.a(lib_a-callocr.o)
                0x080106d8                _calloc_r
 .text.__set_ctype
                0x0801073c       0x10 /Users/ivo/Desktop/Programming/GBA/devkitPro/devkitARM/bin/../lib/gcc/arm-none-eabi/4.9.2/../../../../arm-none-eabi/lib/thumb/libg.a(lib_a-ctype_.o)
                0x0801073c                __set_ctype
 .text.__fputwc
                0x0801074c       0xc0 /Users/ivo/Desktop/Programming/GBA/devkitPro/devkitARM/bin/../lib/gcc/arm-none-eabi/4.9.2/../../../../arm-none-eabi/lib/thumb/libg.a(lib_a-fputwc.o)
                0x0801074c                __fputwc
 .text._fputwc_r
                0x0801080c       0x5c /Users/ivo/Desktop/Programming/GBA/devkitPro/devkitARM/bin/../lib/gcc/arm-none-eabi/4.9.2/../../../../arm-none-eabi/lib/thumb/libg.a(lib_a-fputwc.o)
                0x0801080c                _fputwc_r
 .text.fputwc   0x08010868       0x28 /Users/ivo/Desktop/Programming/GBA/devkitPro/devkitARM/bin/../lib/gcc/arm-none-eabi/4.9.2/../../../../arm-none-eabi/lib/thumb/libg.a(lib_a-fputwc.o)
                0x08010868                fputwc
 .text._findenv_r
                0x08010890       0x98 /Users/ivo/Desktop/Programming/GBA/devkitPro/devkitARM/bin/../lib/gcc/arm-none-eabi/4.9.2/../../../../arm-none-eabi/lib/thumb/libg.a(lib_a-getenv_r.o)
                0x08010890                _findenv_r
 .text._getenv_r
                0x08010928       0x10 /Users/ivo/Desktop/Programming/GBA/devkitPro/devkitARM/bin/../lib/gcc/arm-none-eabi/4.9.2/../../../../arm-none-eabi/lib/thumb/libg.a(lib_a-getenv_r.o)
                0x08010928                _getenv_r
 .text.__swbuf_r
                0x08010938       0xb8 /Users/ivo/Desktop/Programming/GBA/devkitPro/devkitARM/bin/../lib/gcc/arm-none-eabi/4.9.2/../../../../arm-none-eabi/lib/thumb/libg.a(lib_a-wbuf.o)
                0x08010938                __swbuf_r
 .text.__swbuf  0x080109f0       0x18 /Users/ivo/Desktop/Programming/GBA/devkitPro/devkitARM/bin/../lib/gcc/arm-none-eabi/4.9.2/../../../../arm-none-eabi/lib/thumb/libg.a(lib_a-wbuf.o)
                0x080109f0                __swbuf
 .text.__env_lock
                0x08010a08        0x4 /Users/ivo/Desktop/Programming/GBA/devkitPro/devkitARM/bin/../lib/gcc/arm-none-eabi/4.9.2/../../../../arm-none-eabi/lib/thumb/libg.a(lib_a-envlock.o)
                0x08010a08                __env_lock
 .text.__env_unlock
                0x08010a0c        0x4 /Users/ivo/Desktop/Programming/GBA/devkitPro/devkitARM/bin/../lib/gcc/arm-none-eabi/4.9.2/../../../../arm-none-eabi/lib/thumb/libg.a(lib_a-envlock.o)
                0x08010a0c                __env_unlock
 .text.__errno  0x08010a10        0xc /Users/ivo/Desktop/Programming/GBA/devkitPro/devkitARM/bin/../lib/gcc/arm-none-eabi/4.9.2/../../../../arm-none-eabi/lib/thumb/libg.a(lib_a-errno.o)
                0x08010a10                __errno
 .text.malloc   0x08010a1c       0x14 /Users/ivo/Desktop/Programming/GBA/devkitPro/devkitARM/bin/../lib/gcc/arm-none-eabi/4.9.2/../../../../arm-none-eabi/lib/thumb/libg.a(lib_a-malloc.o)
                0x08010a1c                malloc
 .text.free     0x08010a30       0x14 /Users/ivo/Desktop/Programming/GBA/devkitPro/devkitARM/bin/../lib/gcc/arm-none-eabi/4.9.2/../../../../arm-none-eabi/lib/thumb/libg.a(lib_a-malloc.o)
                0x08010a30                free
 *fill*         0x08010a44        0x4 ff
 .text.free.__stub
                0x08010a48       0xb4 linker stubs
 *(.text.*personality*)
 *(.gnu.warning)
 *(.glue_7t)
 .glue_7t       0x08010b08        0x0 linker stubs
 *(.glue_7)
 .glue_7        0x08010b08        0x0 linker stubs
 *(.vfp11_veneer)
 .vfp11_veneer  0x08010b08        0x0 linker stubs
                0x08010b08                . = ALIGN (0x4)
                0x08010b08                __text_end = .

.v4_bx          0x08010b08        0x0
 .v4_bx         0x08010b08        0x0 linker stubs

.iplt           0x08010b08        0x0
 .iplt          0x08010b08        0x0 /Users/ivo/Desktop/Programming/GBA/devkitPro/devkitARM/bin/../lib/gcc/arm-none-eabi/4.9.2/../../../../arm-none-eabi/lib/thumb/gba_crt0.o

.fini           0x08010b08        0xc
 *(.fini)
 .fini          0x08010b08        0x4 /Users/ivo/Desktop/Programming/GBA/devkitPro/devkitARM/bin/../lib/gcc/arm-none-eabi/4.9.2/thumb/crti.o
                0x08010b08                _fini
 .fini          0x08010b0c        0x8 /Users/ivo/Desktop/Programming/GBA/devkitPro/devkitARM/bin/../lib/gcc/arm-none-eabi/4.9.2/thumb/crtn.o
                0x08010b14                . = ALIGN (0x4)

.rodata         0x08010b18     0x2744
 *(.rodata)
 .rodata        0x08010b18        0xc main.o
                0x08010b18                keymap
 .rodata        0x08010b24       0x3c chip8.o
 .rodata        0x08010b60      0x51c Invaders.o
                0x08010b60                Invaders
                0x08011075                Invaders_end
                0x08011078                Invaders_size
 .rodata        0x0801107c      0xe04 RH.o
                0x0801107c                RushHourHap2006_ch8
                0x08011e7a                RushHourHap2006_ch8_end
                0x08011e7c                RushHourHap2006_ch8_size
 .rodata        0x08011e80       0x88 ROM.o
                0x08011e80                IBMLogo_ch8
                0x08011f04                IBMLogo_ch8_size
                0x08011f04                IBMLogo_ch8_end
 .rodata        0x08011f08       0x68 /Users/ivo/Desktop/Programming/GBA/devkitPro/devkitARM/bin/../lib/gcc/arm-none-eabi/4.9.2/../../../../arm-none-eabi/lib/thumb/libsysbase.a(iosupport.o)
                0x08011f08                dotab_stdnull
 *all.rodata*(*)
 *(.roda)
 *(.rodata.*)
 .rodata.str1.4
                0x08011f70      0x138 chip8.o
 .rodata.str1.4
                0x080120a8        0x2 /Users/ivo/Desktop/Programming/GBA/devkitPro/devkitARM/bin/../lib/gcc/arm-none-eabi/4.9.2/../../../../arm-none-eabi/lib/thumb/libg.a(lib_a-impure.o)
                                  0x4 (size before relaxing)
 *fill*         0x080120aa        0x2 ff
 .rodata._global_impure_ptr
                0x080120ac        0x4 /Users/ivo/Desktop/Programming/GBA/devkitPro/devkitARM/bin/../lib/gcc/arm-none-eabi/4.9.2/../../../../arm-none-eabi/lib/thumb/libg.a(lib_a-impure.o)
                0x080120ac                _global_impure_ptr
 .rodata.get_arg
                0x080120b0      0x1f8 /Users/ivo/Desktop/Programming/GBA/devkitPro/devkitARM/bin/../lib/gcc/arm-none-eabi/4.9.2/../../../../arm-none-eabi/lib/thumb/libg.a(lib_a-vfprintf.o)
 .rodata._vfprintf_r
                0x080122a8      0x16c /Users/ivo/Desktop/Programming/GBA/devkitPro/devkitARM/bin/../lib/gcc/arm-none-eabi/4.9.2/../../../../arm-none-eabi/lib/thumb/libg.a(lib_a-vfprintf.o)
 .rodata.zeroes.7052
                0x08012414       0x10 /Users/ivo/Desktop/Programming/GBA/devkitPro/devkitARM/bin/../lib/gcc/arm-none-eabi/4.9.2/../../../../arm-none-eabi/lib/thumb/libg.a(lib_a-vfprintf.o)
 .rodata.str1.4
                0x08012424       0x42 /Users/ivo/Desktop/Programming/GBA/devkitPro/devkitARM/bin/../lib/gcc/arm-none-eabi/4.9.2/../../../../arm-none-eabi/lib/thumb/libg.a(lib_a-vfprintf.o)
                                 0x44 (size before relaxing)
 *fill*         0x08012466        0x2 ff
 .rodata.blanks.7051
                0x08012468       0x10 /Users/ivo/Desktop/Programming/GBA/devkitPro/devkitARM/bin/../lib/gcc/arm-none-eabi/4.9.2/../../../../arm-none-eabi/lib/thumb/libg.a(lib_a-vfprintf.o)
 .rodata.str1.4
                0x08012478       0x10 /Users/ivo/Desktop/Programming/GBA/devkitPro/devkitARM/bin/../lib/gcc/arm-none-eabi/4.9.2/../../../../arm-none-eabi/lib/thumb/libg.a(lib_a-dtoa.o)
                                 0x14 (size before relaxing)
 .rodata.loadlocale
                0x08012488       0xd4 /Users/ivo/Desktop/Programming/GBA/devkitPro/devkitARM/bin/../lib/gcc/arm-none-eabi/4.9.2/../../../../arm-none-eabi/lib/thumb/libg.a(lib_a-locale.o)
 .rodata.str1.4
                0x0801255c      0x126 /Users/ivo/Desktop/Programming/GBA/devkitPro/devkitARM/bin/../lib/gcc/arm-none-eabi/4.9.2/../../../../arm-none-eabi/lib/thumb/libg.a(lib_a-locale.o)
                                0x130 (size before relaxing)
 *fill*         0x08012682        0x2 ff
 .rodata.categories
                0x08012684       0x1c /Users/ivo/Desktop/Programming/GBA/devkitPro/devkitARM/bin/../lib/gcc/arm-none-eabi/4.9.2/../../../../arm-none-eabi/lib/thumb/libg.a(lib_a-locale.o)
 .rodata.__jis_mbtowc
                0x080126a0       0x18 /Users/ivo/Desktop/Programming/GBA/devkitPro/devkitARM/bin/../lib/gcc/arm-none-eabi/4.9.2/../../../../arm-none-eabi/lib/thumb/libg.a(lib_a-mbtowc_r.o)
 .rodata.JIS_state_table
                0x080126b8       0x48 /Users/ivo/Desktop/Programming/GBA/devkitPro/devkitARM/bin/../lib/gcc/arm-none-eabi/4.9.2/../../../../arm-none-eabi/lib/thumb/libg.a(lib_a-mbtowc_r.o)
 .rodata.JIS_action_table
                0x08012700       0x48 /Users/ivo/Desktop/Programming/GBA/devkitPro/devkitARM/bin/../lib/gcc/arm-none-eabi/4.9.2/../../../../arm-none-eabi/lib/thumb/libg.a(lib_a-mbtowc_r.o)
 .rodata.p05.5298
                0x08012748        0xc /Users/ivo/Desktop/Programming/GBA/devkitPro/devkitARM/bin/../lib/gcc/arm-none-eabi/4.9.2/../../../../arm-none-eabi/lib/thumb/libg.a(lib_a-mprec.o)
 *fill*         0x08012754        0x4 ff
 .rodata.__mprec_tens
                0x08012758       0xc8 /Users/ivo/Desktop/Programming/GBA/devkitPro/devkitARM/bin/../lib/gcc/arm-none-eabi/4.9.2/../../../../arm-none-eabi/lib/thumb/libg.a(lib_a-mprec.o)
                0x08012758                __mprec_tens
 .rodata.__mprec_bigtens
                0x08012820       0x28 /Users/ivo/Desktop/Programming/GBA/devkitPro/devkitARM/bin/../lib/gcc/arm-none-eabi/4.9.2/../../../../arm-none-eabi/lib/thumb/libg.a(lib_a-mprec.o)
                0x08012820                __mprec_bigtens
 .rodata.__mprec_tinytens
                0x08012848       0x28 /Users/ivo/Desktop/Programming/GBA/devkitPro/devkitARM/bin/../lib/gcc/arm-none-eabi/4.9.2/../../../../arm-none-eabi/lib/thumb/libg.a(lib_a-mprec.o)
                0x08012848                __mprec_tinytens
 .rodata.get_arg
                0x08012870      0x1f8 /Users/ivo/Desktop/Programming/GBA/devkitPro/devkitARM/bin/../lib/gcc/arm-none-eabi/4.9.2/../../../../arm-none-eabi/lib/thumb/libg.a(lib_a-svfiprintf.o)
 .rodata._svfiprintf_r
                0x08012a68      0x16c /Users/ivo/Desktop/Programming/GBA/devkitPro/devkitARM/bin/../lib/gcc/arm-none-eabi/4.9.2/../../../../arm-none-eabi/lib/thumb/libg.a(lib_a-svfiprintf.o)
 .rodata.__state_table
                0x08012bd4       0x6c /Users/ivo/Desktop/Programming/GBA/devkitPro/devkitARM/bin/../lib/gcc/arm-none-eabi/4.9.2/../../../../arm-none-eabi/lib/thumb/libg.a(lib_a-svfiprintf.o)
                0x08012bd4                __state_table
 .rodata.blanks.7015
                0x08012c40       0x10 /Users/ivo/Desktop/Programming/GBA/devkitPro/devkitARM/bin/../lib/gcc/arm-none-eabi/4.9.2/../../../../arm-none-eabi/lib/thumb/libg.a(lib_a-svfiprintf.o)
 .rodata.__chclass
                0x08012c50      0x100 /Users/ivo/Desktop/Programming/GBA/devkitPro/devkitARM/bin/../lib/gcc/arm-none-eabi/4.9.2/../../../../arm-none-eabi/lib/thumb/libg.a(lib_a-svfiprintf.o)
                0x08012c50                __chclass
 .rodata.str1.4
                0x08012d50       0x30 /Users/ivo/Desktop/Programming/GBA/devkitPro/devkitARM/bin/../lib/gcc/arm-none-eabi/4.9.2/../../../../arm-none-eabi/lib/thumb/libg.a(lib_a-svfiprintf.o)
 .rodata.__action_table
                0x08012d50       0x6c /Users/ivo/Desktop/Programming/GBA/devkitPro/devkitARM/bin/../lib/gcc/arm-none-eabi/4.9.2/../../../../arm-none-eabi/lib/thumb/libg.a(lib_a-svfiprintf.o)
                0x08012d50                __action_table
 .rodata.zeroes.7016
                0x08012dbc       0x10 /Users/ivo/Desktop/Programming/GBA/devkitPro/devkitARM/bin/../lib/gcc/arm-none-eabi/4.9.2/../../../../arm-none-eabi/lib/thumb/libg.a(lib_a-svfiprintf.o)
 .rodata.get_arg
                0x08012dcc      0x1f8 /Users/ivo/Desktop/Programming/GBA/devkitPro/devkitARM/bin/../lib/gcc/arm-none-eabi/4.9.2/../../../../arm-none-eabi/lib/thumb/libg.a(lib_a-vfiprintf.o)
 .rodata._vfiprintf_r
                0x08012fc4      0x16c /Users/ivo/Desktop/Programming/GBA/devkitPro/devkitARM/bin/../lib/gcc/arm-none-eabi/4.9.2/../../../../arm-none-eabi/lib/thumb/libg.a(lib_a-vfiprintf.o)
 .rodata.zeroes.7030
                0x08013130       0x10 /Users/ivo/Desktop/Programming/GBA/devkitPro/devkitARM/bin/../lib/gcc/arm-none-eabi/4.9.2/../../../../arm-none-eabi/lib/thumb/libg.a(lib_a-vfiprintf.o)
 .rodata.str1.4
                0x08013140       0x30 /Users/ivo/Desktop/Programming/GBA/devkitPro/devkitARM/bin/../lib/gcc/arm-none-eabi/4.9.2/../../../../arm-none-eabi/lib/thumb/libg.a(lib_a-vfiprintf.o)
 .rodata.blanks.7029
                0x08013140       0x10 /Users/ivo/Desktop/Programming/GBA/devkitPro/devkitARM/bin/../lib/gcc/arm-none-eabi/4.9.2/../../../../arm-none-eabi/lib/thumb/libg.a(lib_a-vfiprintf.o)
 .rodata._ctype_
                0x08013150      0x104 /Users/ivo/Desktop/Programming/GBA/devkitPro/devkitARM/bin/../lib/gcc/arm-none-eabi/4.9.2/../../../../arm-none-eabi/lib/thumb/libg.a(lib_a-ctype_.o)
                0x08013150                _ctype_
 .rodata.str1.4
                0x08013254        0x8 /Users/ivo/Desktop/Programming/GBA/devkitPro/devkitARM/bin/../lib/gcc/arm-none-eabi/4.9.2/../../../../arm-none-eabi/lib/thumb/libsysbase.a(iosupport.o)
 *(.gnu.linkonce.r*)
                0x0801325c                . = ALIGN (0x4)

.ARM.extab
 *(.ARM.extab* .gnu.linkonce.armextab.*)
                0x0801325c                __exidx_start = .

.ARM.exidx
 *(.ARM.exidx* .gnu.linkonce.armexidx.*)
                0x0801325c                __exidx_end = .

.ctors          0x0801325c        0x0
 *crtbegin.o(.ctors)
 *(EXCLUDE_FILE(*crtend.o) .ctors)
 *(SORT(.ctors.*))
 *(.ctors)
                0x0801325c                . = ALIGN (0x4)

.dtors          0x0801325c        0x0
 *crtbegin.o(.dtors)
 *(EXCLUDE_FILE(*crtend.o) .dtors)
 *(SORT(.dtors.*))
 *(.dtors)
                0x0801325c                . = ALIGN (0x4)

.eh_frame       0x0801325c       0x48
 *(.eh_frame)
 .eh_frame      0x0801325c        0x0 /Users/ivo/Desktop/Programming/GBA/devkitPro/devkitARM/bin/../lib/gcc/arm-none-eabi/4.9.2/thumb/crtbegin.o
 .eh_frame      0x0801325c       0x44 /Users/ivo/Desktop/Programming/GBA/devkitPro/devkitARM/bin/../lib/gcc/arm-none-eabi/4.9.2/../../../../arm-none-eabi/lib/thumb/libg.a(lib_a-strcmp.o)
 .eh_frame      0x080132a0        0x4 /Users/ivo/Desktop/Programming/GBA/devkitPro/devkitARM/bin/../lib/gcc/arm-none-eabi/4.9.2/thumb/crtend.o
                0x080132a4                . = ALIGN (0x4)

.gcc_except_table
                0x080132a4        0x0
 *(.gcc_except_table)
                0x080132a4                . = ALIGN (0x4)
                0x080132a4                __iwram_lma = .

.iwram          0x03000000       0xb8 load address 0x080132a4
                0x03000000                __iwram_start__ = ABSOLUTE (.)
 *(.iwram)
 .iwram         0x03000000       0xb8 /Users/ivo/Desktop/Programming/GBA/devkitPro/libgba/lib/libgba.a(InterruptDispatcher.o)
                0x03000000                IntrMain
 *iwram.*(.text)
                0x030000b8                . = ALIGN (0x4)
                0x030000b8                __iwram_end__ = ABSOLUTE (.)
                0x0801335c                __data_lma = (__iwram_lma + SIZEOF (.iwram))

.rel.dyn        0x030000b8        0x0 load address 0x0801335c
 .rel.iplt      0x030000b8        0x0 /Users/ivo/Desktop/Programming/GBA/devkitPro/devkitARM/bin/../lib/gcc/arm-none-eabi/4.9.2/../../../../arm-none-eabi/lib/thumb/gba_crt0.o

.bss            0x030000b8      0x3dc
                0x030000b8                __bss_start = ABSOLUTE (.)
                0x030000b8                __bss_start__ = ABSOLUTE (.)
 *(.dynbss)
 *(.gnu.linkonce.b*)
 *(.bss*)
 .bss           0x030000b8        0x0 /Users/ivo/Desktop/Programming/GBA/devkitPro/devkitARM/bin/../lib/gcc/arm-none-eabi/4.9.2/../../../../arm-none-eabi/lib/thumb/gba_crt0.o
 .bss           0x030000b8        0x0 /Users/ivo/Desktop/Programming/GBA/devkitPro/devkitARM/bin/../lib/gcc/arm-none-eabi/4.9.2/thumb/crti.o
 .bss           0x030000b8       0x1c /Users/ivo/Desktop/Programming/GBA/devkitPro/devkitARM/bin/../lib/gcc/arm-none-eabi/4.9.2/thumb/crtbegin.o
 .bss           0x030000d4        0x0 main.o
 .bss           0x030000d4        0x0 chip8.o
 .bss           0x030000d4        0x0 Invaders.o
 .bss           0x030000d4        0x0 RH.o
 .bss           0x030000d4        0x0 ROM.o
 .bss           0x030000d4        0xc /Users/ivo/Desktop/Programming/GBA/devkitPro/libgba/lib/libgba.a(input.o)
 .bss           0x030000e0        0x0 /Users/ivo/Desktop/Programming/GBA/devkitPro/libgba/lib/libgba.a(interrupt.o)
 .bss           0x030000e0        0x0 /Users/ivo/Desktop/Programming/GBA/devkitPro/libgba/lib/libgba.a(InterruptDispatcher.o)
 .bss           0x030000e0        0x0 /Users/ivo/Desktop/Programming/GBA/devkitPro/devkitARM/bin/../lib/gcc/arm-none-eabi/4.9.2/thumb/libgcc.a(_divsi3.o)
 .bss           0x030000e0        0x0 /Users/ivo/Desktop/Programming/GBA/devkitPro/devkitARM/bin/../lib/gcc/arm-none-eabi/4.9.2/thumb/libgcc.a(_dvmd_tls.o)
 .bss           0x030000e0        0x0 /Users/ivo/Desktop/Programming/GBA/devkitPro/devkitARM/bin/../lib/gcc/arm-none-eabi/4.9.2/../../../../arm-none-eabi/lib/thumb/libg.a(lib_a-fclose.o)
 .bss           0x030000e0        0x0 /Users/ivo/Desktop/Programming/GBA/devkitPro/devkitARM/bin/../lib/gcc/arm-none-eabi/4.9.2/../../../../arm-none-eabi/lib/thumb/libg.a(lib_a-fflush.o)
 .bss           0x030000e0        0x0 /Users/ivo/Desktop/Programming/GBA/devkitPro/devkitARM/bin/../lib/gcc/arm-none-eabi/4.9.2/../../../../arm-none-eabi/lib/thumb/libg.a(lib_a-findfp.o)
 .bss           0x030000e0        0x0 /Users/ivo/Desktop/Programming/GBA/devkitPro/devkitARM/bin/../lib/gcc/arm-none-eabi/4.9.2/../../../../arm-none-eabi/lib/thumb/libg.a(lib_a-fopen.o)
 .bss           0x030000e0        0x0 /Users/ivo/Desktop/Programming/GBA/devkitPro/devkitARM/bin/../lib/gcc/arm-none-eabi/4.9.2/../../../../arm-none-eabi/lib/thumb/libg.a(lib_a-fprintf.o)
 .bss           0x030000e0        0x0 /Users/ivo/Desktop/Programming/GBA/devkitPro/devkitARM/bin/../lib/gcc/arm-none-eabi/4.9.2/../../../../arm-none-eabi/lib/thumb/libg.a(lib_a-fread.o)
 .bss           0x030000e0        0x0 /Users/ivo/Desktop/Programming/GBA/devkitPro/devkitARM/bin/../lib/gcc/arm-none-eabi/4.9.2/../../../../arm-none-eabi/lib/thumb/libg.a(lib_a-freer.o)
 .bss           0x030000e0        0x0 /Users/ivo/Desktop/Programming/GBA/devkitPro/devkitARM/bin/../lib/gcc/arm-none-eabi/4.9.2/../../../../arm-none-eabi/lib/thumb/libg.a(lib_a-fseek.o)
 .bss           0x030000e0        0x0 /Users/ivo/Desktop/Programming/GBA/devkitPro/devkitARM/bin/../lib/gcc/arm-none-eabi/4.9.2/../../../../arm-none-eabi/lib/thumb/libg.a(lib_a-fseeko.o)
 .bss           0x030000e0        0x0 /Users/ivo/Desktop/Programming/GBA/devkitPro/devkitARM/bin/../lib/gcc/arm-none-eabi/4.9.2/../../../../arm-none-eabi/lib/thumb/libg.a(lib_a-fwalk.o)
 .bss           0x030000e0        0x0 /Users/ivo/Desktop/Programming/GBA/devkitPro/devkitARM/bin/../lib/gcc/arm-none-eabi/4.9.2/../../../../arm-none-eabi/lib/thumb/libg.a(lib_a-fwrite.o)
 .bss           0x030000e0        0x0 /Users/ivo/Desktop/Programming/GBA/devkitPro/devkitARM/bin/../lib/gcc/arm-none-eabi/4.9.2/../../../../arm-none-eabi/lib/thumb/libg.a(lib_a-impure.o)
 .bss           0x030000e0        0x0 /Users/ivo/Desktop/Programming/GBA/devkitPro/devkitARM/bin/../lib/gcc/arm-none-eabi/4.9.2/../../../../arm-none-eabi/lib/thumb/libg.a(lib_a-init.o)
 .bss           0x030000e0        0x0 /Users/ivo/Desktop/Programming/GBA/devkitPro/devkitARM/bin/../lib/gcc/arm-none-eabi/4.9.2/../../../../arm-none-eabi/lib/thumb/libg.a(lib_a-makebuf.o)
 .bss           0x030000e0        0x0 /Users/ivo/Desktop/Programming/GBA/devkitPro/devkitARM/bin/../lib/gcc/arm-none-eabi/4.9.2/../../../../arm-none-eabi/lib/thumb/libg.a(lib_a-mallocr.o)
 .bss.__malloc_max_total_mem
                0x030000e0        0x4 /Users/ivo/Desktop/Programming/GBA/devkitPro/devkitARM/bin/../lib/gcc/arm-none-eabi/4.9.2/../../../../arm-none-eabi/lib/thumb/libg.a(lib_a-mallocr.o)
                0x030000e0                __malloc_max_total_mem
 .bss.__malloc_max_sbrked_mem
                0x030000e4        0x4 /Users/ivo/Desktop/Programming/GBA/devkitPro/devkitARM/bin/../lib/gcc/arm-none-eabi/4.9.2/../../../../arm-none-eabi/lib/thumb/libg.a(lib_a-mallocr.o)
                0x030000e4                __malloc_max_sbrked_mem
 .bss.__malloc_top_pad
                0x030000e8        0x4 /Users/ivo/Desktop/Programming/GBA/devkitPro/devkitARM/bin/../lib/gcc/arm-none-eabi/4.9.2/../../../../arm-none-eabi/lib/thumb/libg.a(lib_a-mallocr.o)
                0x030000e8                __malloc_top_pad
 .bss.__malloc_current_mallinfo
                0x030000ec       0x28 /Users/ivo/Desktop/Programming/GBA/devkitPro/devkitARM/bin/../lib/gcc/arm-none-eabi/4.9.2/../../../../arm-none-eabi/lib/thumb/libg.a(lib_a-mallocr.o)
                0x030000ec                __malloc_current_mallinfo
 .bss           0x03000114        0x0 /Users/ivo/Desktop/Programming/GBA/devkitPro/devkitARM/bin/../lib/gcc/arm-none-eabi/4.9.2/../../../../arm-none-eabi/lib/thumb/libg.a(lib_a-memcpy.o)
 .bss           0x03000114        0x0 /Users/ivo/Desktop/Programming/GBA/devkitPro/devkitARM/bin/../lib/gcc/arm-none-eabi/4.9.2/../../../../arm-none-eabi/lib/thumb/libg.a(lib_a-memmove.o)
 .bss           0x03000114        0x0 /Users/ivo/Desktop/Programming/GBA/devkitPro/devkitARM/bin/../lib/gcc/arm-none-eabi/4.9.2/../../../../arm-none-eabi/lib/thumb/libg.a(lib_a-memset.o)
 .bss           0x03000114        0x0 /Users/ivo/Desktop/Programming/GBA/devkitPro/devkitARM/bin/../lib/gcc/arm-none-eabi/4.9.2/../../../../arm-none-eabi/lib/thumb/libg.a(lib_a-mlock.o)
 .bss           0x03000114        0x0 /Users/ivo/Desktop/Programming/GBA/devkitPro/devkitARM/bin/../lib/gcc/arm-none-eabi/4.9.2/../../../../arm-none-eabi/lib/thumb/libg.a(lib_a-rand.o)
 .bss           0x03000114        0x0 /Users/ivo/Desktop/Programming/GBA/devkitPro/devkitARM/bin/../lib/gcc/arm-none-eabi/4.9.2/../../../../arm-none-eabi/lib/thumb/libg.a(lib_a-refill.o)
 .bss           0x03000114        0x0 /Users/ivo/Desktop/Programming/GBA/devkitPro/devkitARM/bin/../lib/gcc/arm-none-eabi/4.9.2/../../../../arm-none-eabi/lib/thumb/libg.a(lib_a-stdio.o)
 .bss           0x03000114        0x0 /Users/ivo/Desktop/Programming/GBA/devkitPro/devkitARM/bin/../lib/gcc/arm-none-eabi/4.9.2/../../../../arm-none-eabi/lib/thumb/libg.a(lib_a-time.o)
 .bss           0x03000114        0x0 /Users/ivo/Desktop/Programming/GBA/devkitPro/devkitARM/bin/../lib/gcc/arm-none-eabi/4.9.2/../../../../arm-none-eabi/lib/thumb/libg.a(lib_a-vfprintf.o)
 .bss           0x03000114        0x0 /Users/ivo/Desktop/Programming/GBA/devkitPro/devkitARM/bin/../lib/gcc/arm-none-eabi/4.9.2/../../../../arm-none-eabi/lib/thumb/libg.a(lib_a-wcrtomb.o)
 .bss           0x03000114        0x0 /Users/ivo/Desktop/Programming/GBA/devkitPro/devkitARM/bin/../lib/gcc/arm-none-eabi/4.9.2/../../../../arm-none-eabi/lib/thumb/libg.a(lib_a-wcsrtombs.o)
 .bss           0x03000114        0x0 /Users/ivo/Desktop/Programming/GBA/devkitPro/devkitARM/bin/../lib/gcc/arm-none-eabi/4.9.2/../../../../arm-none-eabi/lib/thumb/libg.a(lib_a-wctomb_r.o)
 .bss           0x03000114        0x0 /Users/ivo/Desktop/Programming/GBA/devkitPro/devkitARM/bin/../lib/gcc/arm-none-eabi/4.9.2/../../../../arm-none-eabi/lib/thumb/libg.a(lib_a-wsetup.o)
 .bss           0x03000114        0x0 /Users/ivo/Desktop/Programming/GBA/devkitPro/devkitARM/bin/../lib/gcc/arm-none-eabi/4.9.2/../../../../arm-none-eabi/lib/thumb/libg.a(lib_a-dtoa.o)
 .bss           0x03000114        0x0 /Users/ivo/Desktop/Programming/GBA/devkitPro/devkitARM/bin/../lib/gcc/arm-none-eabi/4.9.2/../../../../arm-none-eabi/lib/thumb/libg.a(lib_a-flags.o)
 .bss           0x03000114        0x0 /Users/ivo/Desktop/Programming/GBA/devkitPro/devkitARM/bin/../lib/gcc/arm-none-eabi/4.9.2/../../../../arm-none-eabi/lib/thumb/libg.a(lib_a-fvwrite.o)
 .bss           0x03000114        0x0 /Users/ivo/Desktop/Programming/GBA/devkitPro/devkitARM/bin/../lib/gcc/arm-none-eabi/4.9.2/../../../../arm-none-eabi/lib/thumb/libg.a(lib_a-locale.o)
 .bss._PathLocale
                0x03000114        0x4 /Users/ivo/Desktop/Programming/GBA/devkitPro/devkitARM/bin/../lib/gcc/arm-none-eabi/4.9.2/../../../../arm-none-eabi/lib/thumb/libg.a(lib_a-locale.o)
                0x03000114                _PathLocale
 .bss.__nlocale_changed
                0x03000118        0x4 /Users/ivo/Desktop/Programming/GBA/devkitPro/devkitARM/bin/../lib/gcc/arm-none-eabi/4.9.2/../../../../arm-none-eabi/lib/thumb/libg.a(lib_a-locale.o)
                0x03000118                __nlocale_changed
 .bss.__mlocale_changed
                0x0300011c        0x4 /Users/ivo/Desktop/Programming/GBA/devkitPro/devkitARM/bin/../lib/gcc/arm-none-eabi/4.9.2/../../../../arm-none-eabi/lib/thumb/libg.a(lib_a-locale.o)
                0x0300011c                __mlocale_changed
 .bss.lc_ctype_cjk_lang
                0x03000120        0x4 /Users/ivo/Desktop/Programming/GBA/devkitPro/devkitARM/bin/../lib/gcc/arm-none-eabi/4.9.2/../../../../arm-none-eabi/lib/thumb/libg.a(lib_a-locale.o)
 .bss.new_categories
                0x03000124       0xe0 /Users/ivo/Desktop/Programming/GBA/devkitPro/devkitARM/bin/../lib/gcc/arm-none-eabi/4.9.2/../../../../arm-none-eabi/lib/thumb/libg.a(lib_a-locale.o)
 .bss.current_locale_string
                0x03000204       0xe8 /Users/ivo/Desktop/Programming/GBA/devkitPro/devkitARM/bin/../lib/gcc/arm-none-eabi/4.9.2/../../../../arm-none-eabi/lib/thumb/libg.a(lib_a-locale.o)
 .bss.saved_categories
                0x030002ec       0xe0 /Users/ivo/Desktop/Programming/GBA/devkitPro/devkitARM/bin/../lib/gcc/arm-none-eabi/4.9.2/../../../../arm-none-eabi/lib/thumb/libg.a(lib_a-locale.o)
 .bss           0x030003cc        0x0 /Users/ivo/Desktop/Programming/GBA/devkitPro/devkitARM/bin/../lib/gcc/arm-none-eabi/4.9.2/../../../../arm-none-eabi/lib/thumb/libg.a(lib_a-mbtowc_r.o)
 .bss           0x030003cc        0x0 /Users/ivo/Desktop/Programming/GBA/devkitPro/devkitARM/bin/../lib/gcc/arm-none-eabi/4.9.2/../../../../arm-none-eabi/lib/thumb/libg.a(lib_a-memchr.o)
 .bss           0x030003cc        0x0 /Users/ivo/Desktop/Programming/GBA/devkitPro/devkitARM/bin/../lib/gcc/arm-none-eabi/4.9.2/../../../../arm-none-eabi/lib/thumb/libg.a(lib_a-mprec.o)
 .bss           0x030003cc        0x0 /Users/ivo/Desktop/Programming/GBA/devkitPro/devkitARM/bin/../lib/gcc/arm-none-eabi/4.9.2/../../../../arm-none-eabi/lib/thumb/libg.a(lib_a-reallocr.o)
 .bss           0x030003cc        0x0 /Users/ivo/Desktop/Programming/GBA/devkitPro/devkitARM/bin/../lib/gcc/arm-none-eabi/4.9.2/../../../../arm-none-eabi/lib/thumb/libg.a(lib_a-s_fpclassify.o)
 .bss           0x030003cc        0x0 /Users/ivo/Desktop/Programming/GBA/devkitPro/devkitARM/bin/../lib/gcc/arm-none-eabi/4.9.2/../../../../arm-none-eabi/lib/thumb/libg.a(lib_a-s_frexp.o)
 .bss           0x030003cc        0x0 /Users/ivo/Desktop/Programming/GBA/devkitPro/devkitARM/bin/../lib/gcc/arm-none-eabi/4.9.2/../../../../arm-none-eabi/lib/thumb/libg.a(lib_a-strcasecmp.o)
 .bss           0x030003cc        0x0 /Users/ivo/Desktop/Programming/GBA/devkitPro/devkitARM/bin/../lib/gcc/arm-none-eabi/4.9.2/../../../../arm-none-eabi/lib/thumb/libg.a(lib_a-strcat.o)
 .bss           0x030003cc        0x0 /Users/ivo/Desktop/Programming/GBA/devkitPro/devkitARM/bin/../lib/gcc/arm-none-eabi/4.9.2/../../../../arm-none-eabi/lib/thumb/libg.a(lib_a-strchr.o)
 .bss           0x030003cc        0x0 /Users/ivo/Desktop/Programming/GBA/devkitPro/devkitARM/bin/../lib/gcc/arm-none-eabi/4.9.2/../../../../arm-none-eabi/lib/thumb/libg.a(lib_a-strcmp.o)
 .bss           0x030003cc        0x0 /Users/ivo/Desktop/Programming/GBA/devkitPro/devkitARM/bin/../lib/gcc/arm-none-eabi/4.9.2/../../../../arm-none-eabi/lib/thumb/libg.a(lib_a-strcpy.o)
 .bss           0x030003cc        0x0 /Users/ivo/Desktop/Programming/GBA/devkitPro/devkitARM/bin/../lib/gcc/arm-none-eabi/4.9.2/../../../../arm-none-eabi/lib/thumb/libg.a(lib_a-strlcpy.o)
 .bss           0x030003cc        0x0 /Users/ivo/Desktop/Programming/GBA/devkitPro/devkitARM/bin/../lib/gcc/arm-none-eabi/4.9.2/../../../../arm-none-eabi/lib/thumb/libg.a(lib_a-strlen.o)
 .bss           0x030003cc        0x0 /Users/ivo/Desktop/Programming/GBA/devkitPro/devkitARM/bin/../lib/gcc/arm-none-eabi/4.9.2/../../../../arm-none-eabi/lib/thumb/libg.a(lib_a-strncasecmp.o)
 .bss           0x030003cc        0x0 /Users/ivo/Desktop/Programming/GBA/devkitPro/devkitARM/bin/../lib/gcc/arm-none-eabi/4.9.2/../../../../arm-none-eabi/lib/thumb/libg.a(lib_a-strncmp.o)
 .bss           0x030003cc        0x0 /Users/ivo/Desktop/Programming/GBA/devkitPro/devkitARM/bin/../lib/gcc/arm-none-eabi/4.9.2/../../../../arm-none-eabi/lib/thumb/libg.a(lib_a-strncpy.o)
 .bss           0x030003cc        0x0 /Users/ivo/Desktop/Programming/GBA/devkitPro/devkitARM/bin/../lib/gcc/arm-none-eabi/4.9.2/../../../../arm-none-eabi/lib/thumb/libg.a(lib_a-strtol.o)
 .bss           0x030003cc        0x0 /Users/ivo/Desktop/Programming/GBA/devkitPro/devkitARM/bin/../lib/gcc/arm-none-eabi/4.9.2/../../../../arm-none-eabi/lib/thumb/libg.a(lib_a-svfiprintf.o)
 .bss           0x030003cc        0x0 /Users/ivo/Desktop/Programming/GBA/devkitPro/devkitARM/bin/../lib/gcc/arm-none-eabi/4.9.2/../../../../arm-none-eabi/lib/thumb/libg.a(lib_a-vfiprintf.o)
 .bss           0x030003cc        0x0 /Users/ivo/Desktop/Programming/GBA/devkitPro/devkitARM/bin/../lib/gcc/arm-none-eabi/4.9.2/../../../../arm-none-eabi/lib/thumb/libg.a(lib_a-wcsnrtombs.o)
 .bss           0x030003cc        0x0 /Users/ivo/Desktop/Programming/GBA/devkitPro/devkitARM/bin/../lib/gcc/arm-none-eabi/4.9.2/../../../../arm-none-eabi/lib/thumb/libg.a(lib_a-callocr.o)
 .bss           0x030003cc        0x0 /Users/ivo/Desktop/Programming/GBA/devkitPro/devkitARM/bin/../lib/gcc/arm-none-eabi/4.9.2/../../../../arm-none-eabi/lib/thumb/libg.a(lib_a-ctype_.o)
 .bss           0x030003cc        0x0 /Users/ivo/Desktop/Programming/GBA/devkitPro/devkitARM/bin/../lib/gcc/arm-none-eabi/4.9.2/../../../../arm-none-eabi/lib/thumb/libg.a(lib_a-fputwc.o)
 .bss           0x030003cc        0x0 /Users/ivo/Desktop/Programming/GBA/devkitPro/devkitARM/bin/../lib/gcc/arm-none-eabi/4.9.2/../../../../arm-none-eabi/lib/thumb/libg.a(lib_a-getenv_r.o)
 .bss           0x030003cc        0x0 /Users/ivo/Desktop/Programming/GBA/devkitPro/devkitARM/bin/../lib/gcc/arm-none-eabi/4.9.2/../../../../arm-none-eabi/lib/thumb/libg.a(lib_a-wbuf.o)
 .bss           0x030003cc        0x0 /Users/ivo/Desktop/Programming/GBA/devkitPro/devkitARM/bin/../lib/gcc/arm-none-eabi/4.9.2/../../../../arm-none-eabi/lib/thumb/libg.a(lib_a-environ.o)
 .bss.initial_env
                0x030003cc        0x4 /Users/ivo/Desktop/Programming/GBA/devkitPro/devkitARM/bin/../lib/gcc/arm-none-eabi/4.9.2/../../../../arm-none-eabi/lib/thumb/libg.a(lib_a-environ.o)
 .bss           0x030003d0        0x0 /Users/ivo/Desktop/Programming/GBA/devkitPro/devkitARM/bin/../lib/gcc/arm-none-eabi/4.9.2/../../../../arm-none-eabi/lib/thumb/libg.a(lib_a-envlock.o)
 .bss           0x030003d0        0x0 /Users/ivo/Desktop/Programming/GBA/devkitPro/devkitARM/bin/../lib/gcc/arm-none-eabi/4.9.2/../../../../arm-none-eabi/lib/thumb/libsysbase.a(close.o)
 .bss           0x030003d0        0x0 /Users/ivo/Desktop/Programming/GBA/devkitPro/devkitARM/bin/../lib/gcc/arm-none-eabi/4.9.2/../../../../arm-none-eabi/lib/thumb/libsysbase.a(fstat.o)
 .bss           0x030003d0        0x0 /Users/ivo/Desktop/Programming/GBA/devkitPro/devkitARM/bin/../lib/gcc/arm-none-eabi/4.9.2/../../../../arm-none-eabi/lib/thumb/libsysbase.a(gettod.o)
 .bss           0x030003d0        0x0 /Users/ivo/Desktop/Programming/GBA/devkitPro/devkitARM/bin/../lib/gcc/arm-none-eabi/4.9.2/../../../../arm-none-eabi/lib/thumb/libsysbase.a(isatty.o)
 .bss           0x030003d0        0x0 /Users/ivo/Desktop/Programming/GBA/devkitPro/devkitARM/bin/../lib/gcc/arm-none-eabi/4.9.2/../../../../arm-none-eabi/lib/thumb/libsysbase.a(lseek.o)
 .bss           0x030003d0        0x0 /Users/ivo/Desktop/Programming/GBA/devkitPro/devkitARM/bin/../lib/gcc/arm-none-eabi/4.9.2/../../../../arm-none-eabi/lib/thumb/libsysbase.a(open.o)
 .bss           0x030003d0        0x0 /Users/ivo/Desktop/Programming/GBA/devkitPro/devkitARM/bin/../lib/gcc/arm-none-eabi/4.9.2/../../../../arm-none-eabi/lib/thumb/libsysbase.a(read.o)
 .bss           0x030003d0        0x4 /Users/ivo/Desktop/Programming/GBA/devkitPro/devkitARM/bin/../lib/gcc/arm-none-eabi/4.9.2/../../../../arm-none-eabi/lib/thumb/libsysbase.a(sbrk.o)
 .bss           0x030003d4        0x0 /Users/ivo/Desktop/Programming/GBA/devkitPro/devkitARM/bin/../lib/gcc/arm-none-eabi/4.9.2/../../../../arm-none-eabi/lib/thumb/libsysbase.a(write.o)
 .bss           0x030003d4        0x8 /Users/ivo/Desktop/Programming/GBA/devkitPro/devkitARM/bin/../lib/gcc/arm-none-eabi/4.9.2/../../../../arm-none-eabi/lib/thumb/libsysbase.a(malloc_vars.o)
                0x030003d4                fake_heap_start
                0x030003d8                fake_heap_end
 .bss           0x030003dc        0x0 /Users/ivo/Desktop/Programming/GBA/devkitPro/devkitARM/bin/../lib/gcc/arm-none-eabi/4.9.2/../../../../arm-none-eabi/lib/thumb/libsysbase.a(flock.o)
 .bss           0x030003dc       0x40 /Users/ivo/Desktop/Programming/GBA/devkitPro/devkitARM/bin/../lib/gcc/arm-none-eabi/4.9.2/../../../../arm-none-eabi/lib/thumb/libsysbase.a(syscall_support.o)
                0x030003dc                __syscalls
 .bss           0x0300041c        0x0 /Users/ivo/Desktop/Programming/GBA/devkitPro/devkitARM/bin/../lib/gcc/arm-none-eabi/4.9.2/../../../../arm-none-eabi/lib/thumb/libsysbase.a(handle_manager.o)
 .bss           0x0300041c        0x0 /Users/ivo/Desktop/Programming/GBA/devkitPro/devkitARM/bin/../lib/gcc/arm-none-eabi/4.9.2/../../../../arm-none-eabi/lib/thumb/libsysbase.a(getreent.o)
 .bss           0x0300041c        0x0 /Users/ivo/Desktop/Programming/GBA/devkitPro/devkitARM/bin/../lib/gcc/arm-none-eabi/4.9.2/../../../../arm-none-eabi/lib/thumb/libsysbase.a(iosupport.o)
 .bss           0x0300041c        0x0 /Users/ivo/Desktop/Programming/GBA/devkitPro/devkitARM/bin/../lib/gcc/arm-none-eabi/4.9.2/thumb/libgcc.a(_udivsi3.o)
 .bss           0x0300041c        0x0 /Users/ivo/Desktop/Programming/GBA/devkitPro/devkitARM/bin/../lib/gcc/arm-none-eabi/4.9.2/thumb/libgcc.a(_arm_addsubdf3.o)
 .bss           0x0300041c        0x0 /Users/ivo/Desktop/Programming/GBA/devkitPro/devkitARM/bin/../lib/gcc/arm-none-eabi/4.9.2/thumb/libgcc.a(_arm_muldivdf3.o)
 .bss           0x0300041c        0x0 /Users/ivo/Desktop/Programming/GBA/devkitPro/devkitARM/bin/../lib/gcc/arm-none-eabi/4.9.2/thumb/libgcc.a(_arm_cmpdf2.o)
 .bss           0x0300041c        0x0 /Users/ivo/Desktop/Programming/GBA/devkitPro/devkitARM/bin/../lib/gcc/arm-none-eabi/4.9.2/thumb/libgcc.a(_arm_fixdfsi.o)
 .bss           0x0300041c        0x0 /Users/ivo/Desktop/Programming/GBA/devkitPro/devkitARM/bin/../lib/gcc/arm-none-eabi/4.9.2/thumb/libgcc.a(_aeabi_uldivmod.o)
 .bss           0x0300041c        0x0 /Users/ivo/Desktop/Programming/GBA/devkitPro/devkitARM/bin/../lib/gcc/arm-none-eabi/4.9.2/thumb/libgcc.a(_muldi3.o)
 .bss           0x0300041c        0x0 /Users/ivo/Desktop/Programming/GBA/devkitPro/devkitARM/bin/../lib/gcc/arm-none-eabi/4.9.2/thumb/libgcc.a(bpabi.o)
 .bss           0x0300041c        0x0 /Users/ivo/Desktop/Programming/GBA/devkitPro/devkitARM/bin/../lib/gcc/arm-none-eabi/4.9.2/thumb/libgcc.a(_divdi3.o)
 .bss           0x0300041c        0x0 /Users/ivo/Desktop/Programming/GBA/devkitPro/devkitARM/bin/../lib/gcc/arm-none-eabi/4.9.2/thumb/libgcc.a(_udivdi3.o)